Archive member included to satisfy reference by file (symbol)

c:/progra~2/gnutoo~1/82019-~1/bin/../lib/gcc/arm-none-eabi/8.3.1/thumb/v7e-m/nofp\libgcc.a(_aeabi_uldivmod.o)
                              CMakeFiles/F407AIUI.elf.dir/Drivers/STM32F4xx_HAL_Driver/Src/stm32f4xx_hal_rcc.c.obj (__aeabi_uldivmod)
c:/progra~2/gnutoo~1/82019-~1/bin/../lib/gcc/arm-none-eabi/8.3.1/thumb/v7e-m/nofp\libgcc.a(_udivmoddi4.o)
                              c:/progra~2/gnutoo~1/82019-~1/bin/../lib/gcc/arm-none-eabi/8.3.1/thumb/v7e-m/nofp\libgcc.a(_aeabi_uldivmod.o) (__udivmoddi4)
c:/progra~2/gnutoo~1/82019-~1/bin/../lib/gcc/arm-none-eabi/8.3.1/thumb/v7e-m/nofp\libgcc.a(_dvmd_tls.o)
                              c:/progra~2/gnutoo~1/82019-~1/bin/../lib/gcc/arm-none-eabi/8.3.1/thumb/v7e-m/nofp\libgcc.a(_aeabi_uldivmod.o) (__aeabi_ldiv0)
c:/progra~2/gnutoo~1/82019-~1/bin/../lib/gcc/arm-none-eabi/8.3.1/../../../../arm-none-eabi/lib/thumb/v7e-m/nofp\libg_nano.a(lib_a-calloc.o)
                              CMakeFiles/F407AIUI.elf.dir/Src/aiui.c.obj (calloc)
c:/progra~2/gnutoo~1/82019-~1/bin/../lib/gcc/arm-none-eabi/8.3.1/../../../../arm-none-eabi/lib/thumb/v7e-m/nofp\libg_nano.a(lib_a-errno.o)
                              CMakeFiles/F407AIUI.elf.dir/Src/syscalls.c.obj (__errno)
c:/progra~2/gnutoo~1/82019-~1/bin/../lib/gcc/arm-none-eabi/8.3.1/../../../../arm-none-eabi/lib/thumb/v7e-m/nofp\libg_nano.a(lib_a-exit.o)
                              c:/progra~2/gnutoo~1/82019-~1/bin/../lib/gcc/arm-none-eabi/8.3.1/../../../../arm-none-eabi/lib/thumb/v7e-m/nofp/crt0.o (exit)
c:/progra~2/gnutoo~1/82019-~1/bin/../lib/gcc/arm-none-eabi/8.3.1/../../../../arm-none-eabi/lib/thumb/v7e-m/nofp\libg_nano.a(lib_a-impure.o)
                              c:/progra~2/gnutoo~1/82019-~1/bin/../lib/gcc/arm-none-eabi/8.3.1/../../../../arm-none-eabi/lib/thumb/v7e-m/nofp\libg_nano.a(lib_a-exit.o) (_global_impure_ptr)
c:/progra~2/gnutoo~1/82019-~1/bin/../lib/gcc/arm-none-eabi/8.3.1/../../../../arm-none-eabi/lib/thumb/v7e-m/nofp\libg_nano.a(lib_a-init.o)
                              c:/progra~2/gnutoo~1/82019-~1/bin/../lib/gcc/arm-none-eabi/8.3.1/../../../../arm-none-eabi/lib/thumb/v7e-m/nofp/crt0.o (__libc_init_array)
c:/progra~2/gnutoo~1/82019-~1/bin/../lib/gcc/arm-none-eabi/8.3.1/../../../../arm-none-eabi/lib/thumb/v7e-m/nofp\libg_nano.a(lib_a-malloc.o)
                              CMakeFiles/F407AIUI.elf.dir/Src/aiui.c.obj (free)
c:/progra~2/gnutoo~1/82019-~1/bin/../lib/gcc/arm-none-eabi/8.3.1/../../../../arm-none-eabi/lib/thumb/v7e-m/nofp\libg_nano.a(lib_a-memcpy-stub.o)
                              CMakeFiles/F407AIUI.elf.dir/Src/aiui.c.obj (memcpy)
c:/progra~2/gnutoo~1/82019-~1/bin/../lib/gcc/arm-none-eabi/8.3.1/../../../../arm-none-eabi/lib/thumb/v7e-m/nofp\libg_nano.a(lib_a-memset.o)
                              c:/progra~2/gnutoo~1/82019-~1/bin/../lib/gcc/arm-none-eabi/8.3.1/../../../../arm-none-eabi/lib/thumb/v7e-m/nofp/crt0.o (memset)
c:/progra~2/gnutoo~1/82019-~1/bin/../lib/gcc/arm-none-eabi/8.3.1/../../../../arm-none-eabi/lib/thumb/v7e-m/nofp\libg_nano.a(lib_a-mktime.o)
                              CMakeFiles/F407AIUI.elf.dir/Src/aiui.c.obj (mktime)
c:/progra~2/gnutoo~1/82019-~1/bin/../lib/gcc/arm-none-eabi/8.3.1/../../../../arm-none-eabi/lib/thumb/v7e-m/nofp\libg_nano.a(lib_a-nano-callocr.o)
                              c:/progra~2/gnutoo~1/82019-~1/bin/../lib/gcc/arm-none-eabi/8.3.1/../../../../arm-none-eabi/lib/thumb/v7e-m/nofp\libg_nano.a(lib_a-calloc.o) (_calloc_r)
c:/progra~2/gnutoo~1/82019-~1/bin/../lib/gcc/arm-none-eabi/8.3.1/../../../../arm-none-eabi/lib/thumb/v7e-m/nofp\libg_nano.a(lib_a-nano-freer.o)
                              c:/progra~2/gnutoo~1/82019-~1/bin/../lib/gcc/arm-none-eabi/8.3.1/../../../../arm-none-eabi/lib/thumb/v7e-m/nofp\libg_nano.a(lib_a-malloc.o) (_free_r)
c:/progra~2/gnutoo~1/82019-~1/bin/../lib/gcc/arm-none-eabi/8.3.1/../../../../arm-none-eabi/lib/thumb/v7e-m/nofp\libg_nano.a(lib_a-nano-mallocr.o)
                              c:/progra~2/gnutoo~1/82019-~1/bin/../lib/gcc/arm-none-eabi/8.3.1/../../../../arm-none-eabi/lib/thumb/v7e-m/nofp\libg_nano.a(lib_a-malloc.o) (_malloc_r)
c:/progra~2/gnutoo~1/82019-~1/bin/../lib/gcc/arm-none-eabi/8.3.1/../../../../arm-none-eabi/lib/thumb/v7e-m/nofp\libg_nano.a(lib_a-printf.o)
                              CMakeFiles/F407AIUI.elf.dir/Src/aiui.c.obj (printf)
c:/progra~2/gnutoo~1/82019-~1/bin/../lib/gcc/arm-none-eabi/8.3.1/../../../../arm-none-eabi/lib/thumb/v7e-m/nofp\libg_nano.a(lib_a-puts.o)
                              CMakeFiles/F407AIUI.elf.dir/Src/aiui.c.obj (puts)
c:/progra~2/gnutoo~1/82019-~1/bin/../lib/gcc/arm-none-eabi/8.3.1/../../../../arm-none-eabi/lib/thumb/v7e-m/nofp\libg_nano.a(lib_a-sbrkr.o)
                              c:/progra~2/gnutoo~1/82019-~1/bin/../lib/gcc/arm-none-eabi/8.3.1/../../../../arm-none-eabi/lib/thumb/v7e-m/nofp\libg_nano.a(lib_a-nano-mallocr.o) (_sbrk_r)
[...]
Memory Configuration

Name             Origin             Length             Attributes
RAM              0x20000000         0x00020000         xrw
CCMRAM           0x10000000         0x00010000         rw
FLASH            0x08000000         0x00080000         xr
*default*        0x00000000         0xffffffff

Linker script and memory map

LOAD c:/progra~2/gnutoo~1/82019-~1/bin/../lib/gcc/arm-none-eabi/8.3.1/thumb/v7e-m/nofp/crti.o
LOAD c:/progra~2/gnutoo~1/82019-~1/bin/../lib/gcc/arm-none-eabi/8.3.1/thumb/v7e-m/nofp/crtbegin.o
LOAD c:/progra~2/gnutoo~1/82019-~1/bin/../lib/gcc/arm-none-eabi/8.3.1/../../../../arm-none-eabi/lib/thumb/v7e-m/nofp/crt0.o
LOAD CMakeFiles/F407AIUI.elf.dir/Drivers/STM32F4xx_HAL_Driver/Src/stm32f4xx_hal.c.obj
LOAD CMakeFiles/F407AIUI.elf.dir/Drivers/STM32F4xx_HAL_Driver/Src/stm32f4xx_hal_cortex.c.obj
LOAD CMakeFiles/F407AIUI.elf.dir/Drivers/STM32F4xx_HAL_Driver/Src/stm32f4xx_hal_dma.c.obj
LOAD CMakeFiles/F407AIUI.elf.dir/Drivers/STM32F4xx_HAL_Driver/Src/stm32f4xx_hal_dma_ex.c.obj
LOAD CMakeFiles/F407AIUI.elf.dir/Drivers/STM32F4xx_HAL_Driver/Src/stm32f4xx_hal_exti.c.obj
LOAD CMakeFiles/F407AIUI.elf.dir/Drivers/STM32F4xx_HAL_Driver/Src/stm32f4xx_hal_flash.c.obj
LOAD CMakeFiles/F407AIUI.elf.dir/Drivers/STM32F4xx_HAL_Driver/Src/stm32f4xx_hal_flash_ex.c.obj
LOAD CMakeFiles/F407AIUI.elf.dir/Drivers/STM32F4xx_HAL_Driver/Src/stm32f4xx_hal_flash_ramfunc.c.obj
LOAD CMakeFiles/F407AIUI.elf.dir/Drivers/STM32F4xx_HAL_Driver/Src/stm32f4xx_hal_gpio.c.obj
LOAD CMakeFiles/F407AIUI.elf.dir/Drivers/STM32F4xx_HAL_Driver/Src/stm32f4xx_hal_pwr.c.obj
LOAD CMakeFiles/F407AIUI.elf.dir/Drivers/STM32F4xx_HAL_Driver/Src/stm32f4xx_hal_pwr_ex.c.obj
LOAD CMakeFiles/F407AIUI.elf.dir/Drivers/STM32F4xx_HAL_Driver/Src/stm32f4xx_hal_rcc.c.obj
LOAD CMakeFiles/F407AIUI.elf.dir/Drivers/STM32F4xx_HAL_Driver/Src/stm32f4xx_hal_rcc_ex.c.obj
LOAD CMakeFiles/F407AIUI.elf.dir/Drivers/STM32F4xx_HAL_Driver/Src/stm32f4xx_hal_rtc.c.obj
LOAD CMakeFiles/F407AIUI.elf.dir/Drivers/STM32F4xx_HAL_Driver/Src/stm32f4xx_hal_rtc_ex.c.obj
LOAD CMakeFiles/F407AIUI.elf.dir/Drivers/STM32F4xx_HAL_Driver/Src/stm32f4xx_hal_tim.c.obj
LOAD CMakeFiles/F407AIUI.elf.dir/Drivers/STM32F4xx_HAL_Driver/Src/stm32f4xx_hal_tim_ex.c.obj
LOAD CMakeFiles/F407AIUI.elf.dir/Drivers/STM32F4xx_HAL_Driver/Src/stm32f4xx_hal_uart.c.obj
LOAD CMakeFiles/F407AIUI.elf.dir/Src/aiui.c.obj
LOAD CMakeFiles/F407AIUI.elf.dir/Src/base64.c.obj
LOAD CMakeFiles/F407AIUI.elf.dir/Src/gpio.c.obj
LOAD CMakeFiles/F407AIUI.elf.dir/Src/main.c.obj
LOAD CMakeFiles/F407AIUI.elf.dir/Src/md5.c.obj
LOAD CMakeFiles/F407AIUI.elf.dir/Src/rtc.c.obj
LOAD CMakeFiles/F407AIUI.elf.dir/Src/stm32f4xx_hal_msp.c.obj
LOAD CMakeFiles/F407AIUI.elf.dir/Src/stm32f4xx_hal_timebase_tim.c.obj
LOAD CMakeFiles/F407AIUI.elf.dir/Src/stm32f4xx_it.c.obj
LOAD CMakeFiles/F407AIUI.elf.dir/Src/syscalls.c.obj
LOAD CMakeFiles/F407AIUI.elf.dir/Src/system_stm32f4xx.c.obj
LOAD CMakeFiles/F407AIUI.elf.dir/Src/tim.c.obj
LOAD CMakeFiles/F407AIUI.elf.dir/Src/usart.c.obj
LOAD CMakeFiles/F407AIUI.elf.dir/startup/startup_stm32f407xx.s.obj
START GROUP
LOAD c:/progra~2/gnutoo~1/82019-~1/bin/../lib/gcc/arm-none-eabi/8.3.1/thumb/v7e-m/nofp\libgcc.a
LOAD c:/progra~2/gnutoo~1/82019-~1/bin/../lib/gcc/arm-none-eabi/8.3.1/../../../../arm-none-eabi/lib/thumb/v7e-m/nofp\libg_nano.a
LOAD c:/progra~2/gnutoo~1/82019-~1/bin/../lib/gcc/arm-none-eabi/8.3.1/../../../../arm-none-eabi/lib/thumb/v7e-m/nofp\libc_nano.a
END GROUP
START GROUP
LOAD c:/progra~2/gnutoo~1/82019-~1/bin/../lib/gcc/arm-none-eabi/8.3.1/thumb/v7e-m/nofp\libgcc.a
LOAD c:/progra~2/gnutoo~1/82019-~1/bin/../lib/gcc/arm-none-eabi/8.3.1/../../../../arm-none-eabi/lib/thumb/v7e-m/nofp\libc_nano.a
LOAD c:/progra~2/gnutoo~1/82019-~1/bin/../lib/gcc/arm-none-eabi/8.3.1/../../../../arm-none-eabi/lib/thumb/v7e-m/nofp\libnosys.a
END GROUP
START GROUP
LOAD c:/progra~2/gnutoo~1/82019-~1/bin/../lib/gcc/arm-none-eabi/8.3.1/thumb/v7e-m/nofp\libgcc.a
LOAD c:/progra~2/gnutoo~1/82019-~1/bin/../lib/gcc/arm-none-eabi/8.3.1/../../../../arm-none-eabi/lib/thumb/v7e-m/nofp\libc_nano.a
LOAD c:/progra~2/gnutoo~1/82019-~1/bin/../lib/gcc/arm-none-eabi/8.3.1/../../../../arm-none-eabi/lib/thumb/v7e-m/nofp\libnosys.a
END GROUP
LOAD c:/progra~2/gnutoo~1/82019-~1/bin/../lib/gcc/arm-none-eabi/8.3.1/thumb/v7e-m/nofp/crtend.o
LOAD c:/progra~2/gnutoo~1/82019-~1/bin/../lib/gcc/arm-none-eabi/8.3.1/thumb/v7e-m/nofp/crtn.o
                0x20020000                _estack = 0x20020000
                0x00000200                _Min_Heap_Size = 0x200
                0x00000400                _Min_Stack_Size = 0x400

.isr_vector     0x08000000      0x188
                0x08000000                . = ALIGN (0x4)
 *(.isr_vector)
 .isr_vector    0x08000000      0x188 CMakeFiles/F407AIUI.elf.dir/startup/startup_stm32f407xx.s.obj
                0x08000000                g_pfnVectors
                0x08000188                . = ALIGN (0x4)

.text           0x08000190     0x7d40
                0x08000190                . = ALIGN (0x4)
 *(.text)
 .text          0x08000190       0x40 c:/progra~2/gnutoo~1/82019-~1/bin/../lib/gcc/arm-none-eabi/8.3.1/thumb/v7e-m/nofp/crtbegin.o
 .text          0x080001d0       0x30 c:/progra~2/gnutoo~1/82019-~1/bin/../lib/gcc/arm-none-eabi/8.3.1/thumb/v7e-m/nofp\libgcc.a(_aeabi_uldivmod.o)
                0x080001d0                __aeabi_uldivmod
 .text          0x08000200      0x2d0 c:/progra~2/gnutoo~1/82019-~1/bin/../lib/gcc/arm-none-eabi/8.3.1/thumb/v7e-m/nofp\libgcc.a(_udivmoddi4.o)
                0x08000200                __udivmoddi4
 .text          0x080004d0        0x4 c:/progra~2/gnutoo~1/82019-~1/bin/../lib/gcc/arm-none-eabi/8.3.1/thumb/v7e-m/nofp\libgcc.a(_dvmd_tls.o)
                0x080004d0                __aeabi_idiv0
                0x080004d0                __aeabi_ldiv0
 .text          0x080004d4       0x10 c:/progra~2/gnutoo~1/82019-~1/bin/../lib/gcc/arm-none-eabi/8.3.1/../../../../arm-none-eabi/lib/thumb/v7e-m/nofp\libg_nano.a(lib_a-strlen.o)
                0x080004d4                strlen
 .text          0x080004e4       0x14 c:/progra~2/gnutoo~1/82019-~1/bin/../lib/gcc/arm-none-eabi/8.3.1/../../../../arm-none-eabi/lib/thumb/v7e-m/nofp\libg_nano.a(lib_a-strcmp.o)
                0x080004e4                strcmp
 *fill*         0x080004f8        0x8 
 .text          0x08000500       0xa0 c:/progra~2/gnutoo~1/82019-~1/bin/../lib/gcc/arm-none-eabi/8.3.1/../../../../arm-none-eabi/lib/thumb/v7e-m/nofp\libg_nano.a(lib_a-memchr.o)
                0x08000500                memchr
 *(.text*)
 .text.HAL_Init
                0x080005a0       0x44 CMakeFiles/F407AIUI.elf.dir/Drivers/STM32F4xx_HAL_Driver/Src/stm32f4xx_hal.c.obj
                0x080005a0                HAL_Init
 .text.HAL_IncTick
                0x080005e4       0x24 CMakeFiles/F407AIUI.elf.dir/Drivers/STM32F4xx_HAL_Driver/Src/stm32f4xx_hal.c.obj
                0x080005e4                HAL_IncTick
 .text.HAL_GetTick
                0x08000608       0x14 CMakeFiles/F407AIUI.elf.dir/Drivers/STM32F4xx_HAL_Driver/Src/stm32f4xx_hal.c.obj
                0x08000608                HAL_GetTick
 .text.HAL_Delay
                0x0800061c       0x44 CMakeFiles/F407AIUI.elf.dir/Drivers/STM32F4xx_HAL_Driver/Src/stm32f4xx_hal.c.obj
                0x0800061c                HAL_Delay
 .text.__NVIC_SetPriorityGrouping
                0x08000660       0x48 CMakeFiles/F407AIUI.elf.dir/Drivers/STM32F4xx_HAL_Driver/Src/stm32f4xx_hal_cortex.c.obj
 .text.__NVIC_GetPriorityGrouping
                0x080006a8       0x1c CMakeFiles/F407AIUI.elf.dir/Drivers/STM32F4xx_HAL_Driver/Src/stm32f4xx_hal_cortex.c.obj
 .text.__NVIC_EnableIRQ
                0x080006c4       0x38 CMakeFiles/F407AIUI.elf.dir/Drivers/STM32F4xx_HAL_Driver/Src/stm32f4xx_hal_cortex.c.obj
 .text.__NVIC_SetPriority
                0x080006fc       0x54 CMakeFiles/F407AIUI.elf.dir/Drivers/STM32F4xx_HAL_Driver/Src/stm32f4xx_hal_cortex.c.obj
 .text.NVIC_EncodePriority
                0x08000750       0x64 CMakeFiles/F407AIUI.elf.dir/Drivers/STM32F4xx_HAL_Driver/Src/stm32f4xx_hal_cortex.c.obj
 .text.HAL_NVIC_SetPriorityGrouping
                0x080007b4       0x16 CMakeFiles/F407AIUI.elf.dir/Drivers/STM32F4xx_HAL_Driver/Src/stm32f4xx_hal_cortex.c.obj
                0x080007b4                HAL_NVIC_SetPriorityGrouping
 .text.HAL_NVIC_SetPriority
                0x080007ca       0x38 CMakeFiles/F407AIUI.elf.dir/Drivers/STM32F4xx_HAL_Driver/Src/stm32f4xx_hal_cortex.c.obj
                0x080007ca                HAL_NVIC_SetPriority
 .text.HAL_NVIC_EnableIRQ
                0x08000802       0x1c CMakeFiles/F407AIUI.elf.dir/Drivers/STM32F4xx_HAL_Driver/Src/stm32f4xx_hal_cortex.c.obj
                0x08000802                HAL_NVIC_EnableIRQ
 .text.HAL_DMA_Abort_IT
                0x0800081e       0x42 CMakeFiles/F407AIUI.elf.dir/Drivers/STM32F4xx_HAL_Driver/Src/stm32f4xx_hal_dma.c.obj
                0x0800081e                HAL_DMA_Abort_IT
 .text.HAL_GPIO_Init
                0x08000860      0x334 CMakeFiles/F407AIUI.elf.dir/Drivers/STM32F4xx_HAL_Driver/Src/stm32f4xx_hal_gpio.c.obj
                0x08000860                HAL_GPIO_Init
 .text.HAL_GPIO_WritePin
                0x08000b94       0x30 CMakeFiles/F407AIUI.elf.dir/Drivers/STM32F4xx_HAL_Driver/Src/stm32f4xx_hal_gpio.c.obj
                0x08000b94                HAL_GPIO_WritePin
 .text.HAL_RCC_OscConfig
                0x08000bc4      0x484 CMakeFiles/F407AIUI.elf.dir/Drivers/STM32F4xx_HAL_Driver/Src/stm32f4xx_hal_rcc.c.obj
                0x08000bc4                HAL_RCC_OscConfig
 .text.HAL_RCC_ClockConfig
                0x08001048      0x1c4 CMakeFiles/F407AIUI.elf.dir/Drivers/STM32F4xx_HAL_Driver/Src/stm32f4xx_hal_rcc.c.obj
                0x08001048                HAL_RCC_ClockConfig
 .text.HAL_RCC_GetSysClockFreq
                0x0800120c      0x1b8 CMakeFiles/F407AIUI.elf.dir/Drivers/STM32F4xx_HAL_Driver/Src/stm32f4xx_hal_rcc.c.obj
                0x0800120c                HAL_RCC_GetSysClockFreq
 .text.HAL_RCC_GetHCLKFreq
                0x080013c4       0x14 CMakeFiles/F407AIUI.elf.dir/Drivers/STM32F4xx_HAL_Driver/Src/stm32f4xx_hal_rcc.c.obj
                0x080013c4                HAL_RCC_GetHCLKFreq
 .text.HAL_RCC_GetPCLK1Freq
                0x080013d8       0x28 CMakeFiles/F407AIUI.elf.dir/Drivers/STM32F4xx_HAL_Driver/Src/stm32f4xx_hal_rcc.c.obj
                0x080013d8                HAL_RCC_GetPCLK1Freq
 .text.HAL_RCC_GetPCLK2Freq
                0x08001400       0x28 CMakeFiles/F407AIUI.elf.dir/Drivers/STM32F4xx_HAL_Driver/Src/stm32f4xx_hal_rcc.c.obj
                0x08001400                HAL_RCC_GetPCLK2Freq
 .text.HAL_RCC_GetClockConfig
                0x08001428       0x60 CMakeFiles/F407AIUI.elf.dir/Drivers/STM32F4xx_HAL_Driver/Src/stm32f4xx_hal_rcc.c.obj
                0x08001428                HAL_RCC_GetClockConfig
 .text.HAL_RCCEx_PeriphCLKConfig
                0x08001488      0x1c4 CMakeFiles/F407AIUI.elf.dir/Drivers/STM32F4xx_HAL_Driver/Src/stm32f4xx_hal_rcc_ex.c.obj
                0x08001488                HAL_RCCEx_PeriphCLKConfig
 .text.HAL_RTC_Init
                0x0800164c      0x122 CMakeFiles/F407AIUI.elf.dir/Drivers/STM32F4xx_HAL_Driver/Src/stm32f4xx_hal_rtc.c.obj
                0x0800164c                HAL_RTC_Init
 .text.HAL_RTC_SetTime
                0x0800176e      0x17a CMakeFiles/F407AIUI.elf.dir/Drivers/STM32F4xx_HAL_Driver/Src/stm32f4xx_hal_rtc.c.obj
                0x0800176e                HAL_RTC_SetTime
 .text.HAL_RTC_GetTime
                0x080018e8       0xbc CMakeFiles/F407AIUI.elf.dir/Drivers/STM32F4xx_HAL_Driver/Src/stm32f4xx_hal_rtc.c.obj
                0x080018e8                HAL_RTC_GetTime
 .text.HAL_RTC_SetDate
                0x080019a4      0x14e CMakeFiles/F407AIUI.elf.dir/Drivers/STM32F4xx_HAL_Driver/Src/stm32f4xx_hal_rtc.c.obj
                0x080019a4                HAL_RTC_SetDate
 .text.HAL_RTC_GetDate
                0x08001af2       0x9e CMakeFiles/F407AIUI.elf.dir/Drivers/STM32F4xx_HAL_Driver/Src/stm32f4xx_hal_rtc.c.obj
                0x08001af2                HAL_RTC_GetDate
 .text.HAL_RTC_WaitForSynchro
                0x08001b90       0x50 CMakeFiles/F407AIUI.elf.dir/Drivers/STM32F4xx_HAL_Driver/Src/stm32f4xx_hal_rtc.c.obj
                0x08001b90                HAL_RTC_WaitForSynchro
 .text.RTC_EnterInitMode
                0x08001be0       0x58 CMakeFiles/F407AIUI.elf.dir/Drivers/STM32F4xx_HAL_Driver/Src/stm32f4xx_hal_rtc.c.obj
                0x08001be0                RTC_EnterInitMode
 .text.RTC_ByteToBcd2
                0x08001c38       0x3a CMakeFiles/F407AIUI.elf.dir/Drivers/STM32F4xx_HAL_Driver/Src/stm32f4xx_hal_rtc.c.obj
                0x08001c38                RTC_ByteToBcd2
 .text.RTC_Bcd2ToByte
                0x08001c72       0x3a CMakeFiles/F407AIUI.elf.dir/Drivers/STM32F4xx_HAL_Driver/Src/stm32f4xx_hal_rtc.c.obj
                0x08001c72                RTC_Bcd2ToByte
 .text.HAL_RTCEx_BKUPWrite
                0x08001cac       0x32 CMakeFiles/F407AIUI.elf.dir/Drivers/STM32F4xx_HAL_Driver/Src/stm32f4xx_hal_rtc_ex.c.obj
                0x08001cac                HAL_RTCEx_BKUPWrite
 .text.HAL_RTCEx_BKUPRead
                0x08001cde       0x2e CMakeFiles/F407AIUI.elf.dir/Drivers/STM32F4xx_HAL_Driver/Src/stm32f4xx_hal_rtc_ex.c.obj
                0x08001cde                HAL_RTCEx_BKUPRead
 .text.HAL_TIM_Base_Init
                0x08001d0c       0x56 CMakeFiles/F407AIUI.elf.dir/Drivers/STM32F4xx_HAL_Driver/Src/stm32f4xx_hal_tim.c.obj
                0x08001d0c                HAL_TIM_Base_Init
 .text.HAL_TIM_Base_Start_IT
                0x08001d62       0x46 CMakeFiles/F407AIUI.elf.dir/Drivers/STM32F4xx_HAL_Driver/Src/stm32f4xx_hal_tim.c.obj
                0x08001d62                HAL_TIM_Base_Start_IT
 .text.HAL_TIM_IRQHandler
                0x08001da8      0x210 CMakeFiles/F407AIUI.elf.dir/Drivers/STM32F4xx_HAL_Driver/Src/stm32f4xx_hal_tim.c.obj
                0x08001da8                HAL_TIM_IRQHandler
 .text.HAL_TIM_OC_DelayElapsedCallback
                0x08001fb8       0x12 CMakeFiles/F407AIUI.elf.dir/Drivers/STM32F4xx_HAL_Driver/Src/stm32f4xx_hal_tim.c.obj
                0x08001fb8                HAL_TIM_OC_DelayElapsedCallback
 .text.HAL_TIM_IC_CaptureCallback
                0x08001fca       0x12 CMakeFiles/F407AIUI.elf.dir/Drivers/STM32F4xx_HAL_Driver/Src/stm32f4xx_hal_tim.c.obj
                0x08001fca                HAL_TIM_IC_CaptureCallback
 .text.HAL_TIM_PWM_PulseFinishedCallback
                0x08001fdc       0x12 CMakeFiles/F407AIUI.elf.dir/Drivers/STM32F4xx_HAL_Driver/Src/stm32f4xx_hal_tim.c.obj
                0x08001fdc                HAL_TIM_PWM_PulseFinishedCallback
 .text.HAL_TIM_TriggerCallback
                0x08001fee       0x12 CMakeFiles/F407AIUI.elf.dir/Drivers/STM32F4xx_HAL_Driver/Src/stm32f4xx_hal_tim.c.obj
                0x08001fee                HAL_TIM_TriggerCallback
 .text.TIM_Base_SetConfig
                0x08002000      0x13c CMakeFiles/F407AIUI.elf.dir/Drivers/STM32F4xx_HAL_Driver/Src/stm32f4xx_hal_tim.c.obj
                0x08002000                TIM_Base_SetConfig
 .text.HAL_TIMEx_MasterConfigSynchronization
                0x0800213c       0x88 CMakeFiles/F407AIUI.elf.dir/Drivers/STM32F4xx_HAL_Driver/Src/stm32f4xx_hal_tim_ex.c.obj
                0x0800213c                HAL_TIMEx_MasterConfigSynchronization
 .text.HAL_TIMEx_CommutCallback
                0x080021c4       0x12 CMakeFiles/F407AIUI.elf.dir/Drivers/STM32F4xx_HAL_Driver/Src/stm32f4xx_hal_tim_ex.c.obj
                0x080021c4                HAL_TIMEx_CommutCallback
 .text.HAL_TIMEx_BreakCallback
                0x080021d6       0x12 CMakeFiles/F407AIUI.elf.dir/Drivers/STM32F4xx_HAL_Driver/Src/stm32f4xx_hal_tim_ex.c.obj
                0x080021d6                HAL_TIMEx_BreakCallback
 .text.HAL_UART_Init
                0x080021e8       0x9a CMakeFiles/F407AIUI.elf.dir/Drivers/STM32F4xx_HAL_Driver/Src/stm32f4xx_hal_uart.c.obj
                0x080021e8                HAL_UART_Init
 .text.HAL_UART_Transmit
                0x08002282      0x132 CMakeFiles/F407AIUI.elf.dir/Drivers/STM32F4xx_HAL_Driver/Src/stm32f4xx_hal_uart.c.obj
                0x08002282                HAL_UART_Transmit
 .text.HAL_UART_Receive_IT
                0x080023b4       0xa8 CMakeFiles/F407AIUI.elf.dir/Drivers/STM32F4xx_HAL_Driver/Src/stm32f4xx_hal_uart.c.obj
                0x080023b4                HAL_UART_Receive_IT
 .text.HAL_UART_IRQHandler
                0x0800245c      0x1f8 CMakeFiles/F407AIUI.elf.dir/Drivers/STM32F4xx_HAL_Driver/Src/stm32f4xx_hal_uart.c.obj
                0x0800245c                HAL_UART_IRQHandler
 .text.HAL_UART_TxCpltCallback
                0x08002654       0x12 CMakeFiles/F407AIUI.elf.dir/Drivers/STM32F4xx_HAL_Driver/Src/stm32f4xx_hal_uart.c.obj
                0x08002654                HAL_UART_TxCpltCallback
 .text.HAL_UART_ErrorCallback
                0x08002666       0x12 CMakeFiles/F407AIUI.elf.dir/Drivers/STM32F4xx_HAL_Driver/Src/stm32f4xx_hal_uart.c.obj
                0x08002666                HAL_UART_ErrorCallback
 .text.UART_WaitOnFlagUntilTimeout
                0x08002678       0x94 CMakeFiles/F407AIUI.elf.dir/Drivers/STM32F4xx_HAL_Driver/Src/stm32f4xx_hal_uart.c.obj
 .text.UART_EndRxTransfer
                0x0800270c       0x3a CMakeFiles/F407AIUI.elf.dir/Drivers/STM32F4xx_HAL_Driver/Src/stm32f4xx_hal_uart.c.obj
 .text.UART_DMAAbortOnError
                0x08002746       0x28 CMakeFiles/F407AIUI.elf.dir/Drivers/STM32F4xx_HAL_Driver/Src/stm32f4xx_hal_uart.c.obj
 .text.UART_Transmit_IT
                0x0800276e       0xaa CMakeFiles/F407AIUI.elf.dir/Drivers/STM32F4xx_HAL_Driver/Src/stm32f4xx_hal_uart.c.obj
 .text.UART_EndTransmit_IT
                0x08002818       0x30 CMakeFiles/F407AIUI.elf.dir/Drivers/STM32F4xx_HAL_Driver/Src/stm32f4xx_hal_uart.c.obj
 .text.UART_Receive_IT
                0x08002848      0x102 CMakeFiles/F407AIUI.elf.dir/Drivers/STM32F4xx_HAL_Driver/Src/stm32f4xx_hal_uart.c.obj
 *fill*         0x0800294a        0x2 
 .text.UART_SetConfig
                0x0800294c      0x414 CMakeFiles/F407AIUI.elf.dir/Drivers/STM32F4xx_HAL_Driver/Src/stm32f4xx_hal_uart.c.obj
 .text.wifi_init
                0x08002d60       0x74 CMakeFiles/F407AIUI.elf.dir/Src/aiui.c.obj
                0x08002d60                wifi_init
 .text.aiui     0x08002dd4       0x68 CMakeFiles/F407AIUI.elf.dir/Src/aiui.c.obj
                0x08002dd4                aiui
 .text.send_at  0x08002e3c       0x2c CMakeFiles/F407AIUI.elf.dir/Src/aiui.c.obj
                0x08002e3c                send_at
 .text.get_curTime
                0x08002e68       0x6c CMakeFiles/F407AIUI.elf.dir/Src/aiui.c.obj
                0x08002e68                get_curTime
 .text.buildHeader
                0x08002ed4      0x1fc CMakeFiles/F407AIUI.elf.dir/Src/aiui.c.obj
                0x08002ed4                buildHeader
 .text.httpPost
                0x080030d0      0x2d8 CMakeFiles/F407AIUI.elf.dir/Src/aiui.c.obj
                0x080030d0                httpPost
 .text.cmove_bits
                0x080033a8       0x2e CMakeFiles/F407AIUI.elf.dir/Src/base64.c.obj
 *fill*         0x080033d6        0x2 
 .text.base64_encode
                0x080033d8      0x1fc CMakeFiles/F407AIUI.elf.dir/Src/base64.c.obj
                0x080033d8                base64_encode
 .text.MX_GPIO_Init
                0x080035d4       0xa0 CMakeFiles/F407AIUI.elf.dir/Src/gpio.c.obj
                0x080035d4                MX_GPIO_Init
 .text.main     0x08003674       0x68 CMakeFiles/F407AIUI.elf.dir/Src/main.c.obj
                0x08003674                main
 .text.SystemClock_Config
                0x080036dc      0x104 CMakeFiles/F407AIUI.elf.dir/Src/main.c.obj
                0x080036dc                SystemClock_Config
 .text.MX_NVIC_Init
                0x080037e0       0x28 CMakeFiles/F407AIUI.elf.dir/Src/main.c.obj
 .text.HAL_UART_RxCpltCallback
                0x08003808       0xe4 CMakeFiles/F407AIUI.elf.dir/Src/main.c.obj
                0x08003808                HAL_UART_RxCpltCallback
 .text.HAL_TIM_PeriodElapsedCallback
                0x080038ec       0x24 CMakeFiles/F407AIUI.elf.dir/Src/main.c.obj
                0x080038ec                HAL_TIM_PeriodElapsedCallback
 .text.Error_Handler
                0x08003910        0xc CMakeFiles/F407AIUI.elf.dir/Src/main.c.obj
                0x08003910                Error_Handler
 .text.MD5Init  0x0800391c       0x48 CMakeFiles/F407AIUI.elf.dir/Src/md5.c.obj
                0x0800391c                MD5Init
 .text.MD5Update
                0x08003964       0xde CMakeFiles/F407AIUI.elf.dir/Src/md5.c.obj
                0x08003964                MD5Update
 *fill*         0x08003a42        0x2 
 .text.MD5Final
                0x08003a44       0x74 CMakeFiles/F407AIUI.elf.dir/Src/md5.c.obj
                0x08003a44                MD5Final
 .text.MD5Encode
                0x08003ab8       0x90 CMakeFiles/F407AIUI.elf.dir/Src/md5.c.obj
                0x08003ab8                MD5Encode
 .text.MD5Decode
                0x08003b48       0x78 CMakeFiles/F407AIUI.elf.dir/Src/md5.c.obj
                0x08003b48                MD5Decode
 .text.MD5Transform
                0x08003bc0     0x12cc CMakeFiles/F407AIUI.elf.dir/Src/md5.c.obj
                0x08003bc0                MD5Transform
 .text.MX_RTC_Init
                0x08004e8c       0xd4 CMakeFiles/F407AIUI.elf.dir/Src/rtc.c.obj
                0x08004e8c                MX_RTC_Init
 .text.HAL_RTC_MspInit
                0x08004f60       0x2c CMakeFiles/F407AIUI.elf.dir/Src/rtc.c.obj
                0x08004f60                HAL_RTC_MspInit
 .text.HAL_MspInit
                0x08004f8c       0x4c CMakeFiles/F407AIUI.elf.dir/Src/stm32f4xx_hal_msp.c.obj
                0x08004f8c                HAL_MspInit
 .text.HAL_InitTick
                0x08004fd8       0xb4 CMakeFiles/F407AIUI.elf.dir/Src/stm32f4xx_hal_timebase_tim.c.obj
                0x08004fd8                HAL_InitTick
 .text.NMI_Handler
                0x0800508c        0xc CMakeFiles/F407AIUI.elf.dir/Src/stm32f4xx_it.c.obj
                0x0800508c                NMI_Handler
 .text.HardFault_Handler
                0x08005098        0x6 CMakeFiles/F407AIUI.elf.dir/Src/stm32f4xx_it.c.obj
                0x08005098                HardFault_Handler
 .text.MemManage_Handler
                0x0800509e        0x6 CMakeFiles/F407AIUI.elf.dir/Src/stm32f4xx_it.c.obj
                0x0800509e                MemManage_Handler
 .text.BusFault_Handler
                0x080050a4        0x6 CMakeFiles/F407AIUI.elf.dir/Src/stm32f4xx_it.c.obj
                0x080050a4                BusFault_Handler
 .text.UsageFault_Handler
                0x080050aa        0x6 CMakeFiles/F407AIUI.elf.dir/Src/stm32f4xx_it.c.obj
                0x080050aa                UsageFault_Handler
 .text.SVC_Handler
                0x080050b0        0xc CMakeFiles/F407AIUI.elf.dir/Src/stm32f4xx_it.c.obj
                0x080050b0                SVC_Handler
 .text.DebugMon_Handler
                0x080050bc        0xc CMakeFiles/F407AIUI.elf.dir/Src/stm32f4xx_it.c.obj
                0x080050bc                DebugMon_Handler
 .text.PendSV_Handler
                0x080050c8        0xc CMakeFiles/F407AIUI.elf.dir/Src/stm32f4xx_it.c.obj
                0x080050c8                PendSV_Handler
 .text.SysTick_Handler
                0x080050d4        0xc CMakeFiles/F407AIUI.elf.dir/Src/stm32f4xx_it.c.obj
                0x080050d4                SysTick_Handler
 .text.TIM1_UP_TIM10_IRQHandler
                0x080050e0       0x14 CMakeFiles/F407AIUI.elf.dir/Src/stm32f4xx_it.c.obj
                0x080050e0                TIM1_UP_TIM10_IRQHandler
 .text.USART1_IRQHandler
                0x080050f4       0x14 CMakeFiles/F407AIUI.elf.dir/Src/stm32f4xx_it.c.obj
                0x080050f4                USART1_IRQHandler
 .text.USART2_IRQHandler
                0x08005108       0x14 CMakeFiles/F407AIUI.elf.dir/Src/stm32f4xx_it.c.obj
                0x08005108                USART2_IRQHandler
 .text.TIM6_DAC_IRQHandler
                0x0800511c       0x14 CMakeFiles/F407AIUI.elf.dir/Src/stm32f4xx_it.c.obj
                0x0800511c                TIM6_DAC_IRQHandler
 .text._read    0x08005130       0x3a CMakeFiles/F407AIUI.elf.dir/Src/syscalls.c.obj
                0x08005130                _read
 .text._write   0x0800516a       0x38 CMakeFiles/F407AIUI.elf.dir/Src/syscalls.c.obj
                0x0800516a                _write
 *fill*         0x080051a2        0x2 
 .text._sbrk    0x080051a4       0x58 CMakeFiles/F407AIUI.elf.dir/Src/syscalls.c.obj
                0x080051a4                _sbrk
 .text._close   0x080051fc       0x16 CMakeFiles/F407AIUI.elf.dir/Src/syscalls.c.obj
                0x080051fc                _close
 .text._fstat   0x08005212       0x1e CMakeFiles/F407AIUI.elf.dir/Src/syscalls.c.obj
                0x08005212                _fstat
 .text._isatty  0x08005230       0x14 CMakeFiles/F407AIUI.elf.dir/Src/syscalls.c.obj
                0x08005230                _isatty
 .text._lseek   0x08005244       0x18 CMakeFiles/F407AIUI.elf.dir/Src/syscalls.c.obj
                0x08005244                _lseek
 .text.SystemInit
                0x0800525c       0x5c CMakeFiles/F407AIUI.elf.dir/Src/system_stm32f4xx.c.obj
                0x0800525c                SystemInit
 .text.MX_TIM6_Init
                0x080052b8       0x68 CMakeFiles/F407AIUI.elf.dir/Src/tim.c.obj
                0x080052b8                MX_TIM6_Init
 .text.HAL_TIM_Base_MspInit
                0x08005320       0x50 CMakeFiles/F407AIUI.elf.dir/Src/tim.c.obj
                0x08005320                HAL_TIM_Base_MspInit
 .text.MX_USART1_UART_Init
                0x08005370       0x54 CMakeFiles/F407AIUI.elf.dir/Src/usart.c.obj
                0x08005370                MX_USART1_UART_Init
 .text.MX_USART2_UART_Init
                0x080053c4       0x54 CMakeFiles/F407AIUI.elf.dir/Src/usart.c.obj
                0x080053c4                MX_USART2_UART_Init
 .text.HAL_UART_MspInit
                0x08005418       0xf8 CMakeFiles/F407AIUI.elf.dir/Src/usart.c.obj
                0x08005418                HAL_UART_MspInit
 .text.__io_putchar
                0x08005510       0x24 CMakeFiles/F407AIUI.elf.dir/Src/usart.c.obj
                0x08005510                __io_putchar
 .text.Reset_Handler
                0x08005534       0x50 CMakeFiles/F407AIUI.elf.dir/startup/startup_stm32f407xx.s.obj
                0x08005534                Reset_Handler
 .text.Default_Handler
                0x08005584        0x2 CMakeFiles/F407AIUI.elf.dir/startup/startup_stm32f407xx.s.obj
                0x08005584                RTC_Alarm_IRQHandler
                0x08005584                HASH_RNG_IRQHandler
                0x08005584                EXTI2_IRQHandler
                0x08005584                TIM8_CC_IRQHandler
                0x08005584                TIM1_CC_IRQHandler
                0x08005584                DMA2_Stream5_IRQHandler
                0x08005584                DMA1_Stream5_IRQHandler
                0x08005584                PVD_IRQHandler
                0x08005584                SDIO_IRQHandler
                0x08005584                TAMP_STAMP_IRQHandler
                0x08005584                CAN2_RX1_IRQHandler
                0x08005584                EXTI3_IRQHandler
                0x08005584                TIM8_TRG_COM_TIM14_IRQHandler
                0x08005584                TIM8_UP_TIM13_IRQHandler
                0x08005584                I2C3_ER_IRQHandler
                0x08005584                EXTI0_IRQHandler
                0x08005584                I2C2_EV_IRQHandler
                0x08005584                DMA1_Stream2_IRQHandler
                0x08005584                CAN1_RX0_IRQHandler
                0x08005584                FPU_IRQHandler
                0x08005584                OTG_HS_WKUP_IRQHandler
                0x08005584                CAN2_SCE_IRQHandler
                0x08005584                DMA2_Stream2_IRQHandler
                0x08005584                SPI1_IRQHandler
                0x08005584                TIM1_BRK_TIM9_IRQHandler
                0x08005584                DCMI_IRQHandler
                0x08005584                CAN2_RX0_IRQHandler
                0x08005584                DMA2_Stream3_IRQHandler
                0x08005584                USART6_IRQHandler
                0x08005584                USART3_IRQHandler
                0x08005584                CAN1_RX1_IRQHandler
                0x08005584                UART5_IRQHandler
                0x08005584                DMA2_Stream0_IRQHandler
                0x08005584                TIM4_IRQHandler
                0x08005584                I2C1_EV_IRQHandler
                0x08005584                DMA1_Stream6_IRQHandler
                0x08005584                DMA1_Stream1_IRQHandler
                0x08005584                UART4_IRQHandler
                0x08005584                TIM3_IRQHandler
                0x08005584                RCC_IRQHandler
                0x08005584                TIM8_BRK_TIM12_IRQHandler
                0x08005584                Default_Handler
                0x08005584                EXTI15_10_IRQHandler
                0x08005584                ADC_IRQHandler
                0x08005584                DMA1_Stream7_IRQHandler
                0x08005584                TIM7_IRQHandler
                0x08005584                CAN2_TX_IRQHandler
                0x08005584                TIM5_IRQHandler
                0x08005584                DMA2_Stream7_IRQHandler
                0x08005584                I2C3_EV_IRQHandler
                0x08005584                EXTI9_5_IRQHandler
                0x08005584                RTC_WKUP_IRQHandler
                0x08005584                ETH_WKUP_IRQHandler
                0x08005584                SPI2_IRQHandler
                0x08005584                OTG_HS_EP1_IN_IRQHandler
                0x08005584                DMA1_Stream0_IRQHandler
                0x08005584                CAN1_TX_IRQHandler
                0x08005584                EXTI4_IRQHandler
                0x08005584                FSMC_IRQHandler
                0x08005584                ETH_IRQHandler
                0x08005584                OTG_HS_EP1_OUT_IRQHandler
                0x08005584                WWDG_IRQHandler
                0x08005584                TIM2_IRQHandler
                0x08005584                OTG_FS_WKUP_IRQHandler
                0x08005584                TIM1_TRG_COM_TIM11_IRQHandler
                0x08005584                OTG_HS_IRQHandler
                0x08005584                EXTI1_IRQHandler
                0x08005584                I2C2_ER_IRQHandler
                0x08005584                DMA2_Stream1_IRQHandler
                0x08005584                CAN1_SCE_IRQHandler
                0x08005584                FLASH_IRQHandler
                0x08005584                DMA2_Stream4_IRQHandler
                0x08005584                OTG_FS_IRQHandler
                0x08005584                SPI3_IRQHandler
                0x08005584                DMA1_Stream4_IRQHandler
                0x08005584                I2C1_ER_IRQHandler
                0x08005584                DMA2_Stream6_IRQHandler
                0x08005584                DMA1_Stream3_IRQHandler
 *fill*         0x08005586        0x2 
 .text.calloc   0x08005588       0x10 c:/progra~2/gnutoo~1/82019-~1/bin/../lib/gcc/arm-none-eabi/8.3.1/../../../../arm-none-eabi/lib/thumb/v7e-m/nofp\libg_nano.a(lib_a-calloc.o)
                0x08005588                calloc
 .text.__errno  0x08005598        0xc c:/progra~2/gnutoo~1/82019-~1/bin/../lib/gcc/arm-none-eabi/8.3.1/../../../../arm-none-eabi/lib/thumb/v7e-m/nofp\libg_nano.a(lib_a-errno.o)
                0x08005598                __errno
 .text.__libc_init_array
                0x080055a4       0x48 c:/progra~2/gnutoo~1/82019-~1/bin/../lib/gcc/arm-none-eabi/8.3.1/../../../../arm-none-eabi/lib/thumb/v7e-m/nofp\libg_nano.a(lib_a-init.o)
                0x080055a4                __libc_init_array
 .text.malloc   0x080055ec       0x10 c:/progra~2/gnutoo~1/82019-~1/bin/../lib/gcc/arm-none-eabi/8.3.1/../../../../arm-none-eabi/lib/thumb/v7e-m/nofp\libg_nano.a(lib_a-malloc.o)
                0x080055ec                malloc
 .text.free     0x080055fc       0x10 c:/progra~2/gnutoo~1/82019-~1/bin/../lib/gcc/arm-none-eabi/8.3.1/../../../../arm-none-eabi/lib/thumb/v7e-m/nofp\libg_nano.a(lib_a-malloc.o)
                0x080055fc                free
 .text.memcpy   0x0800560c       0x1c c:/progra~2/gnutoo~1/82019-~1/bin/../lib/gcc/arm-none-eabi/8.3.1/../../../../arm-none-eabi/lib/thumb/v7e-m/nofp\libg_nano.a(lib_a-memcpy-stub.o)
                0x0800560c                memcpy
 .text.memset   0x08005628       0x10 c:/progra~2/gnutoo~1/82019-~1/bin/../lib/gcc/arm-none-eabi/8.3.1/../../../../arm-none-eabi/lib/thumb/v7e-m/nofp\libg_nano.a(lib_a-memset.o)
                0x08005628                memset
 .text.validate_structure
                0x08005638      0x1b4 c:/progra~2/gnutoo~1/82019-~1/bin/../lib/gcc/arm-none-eabi/8.3.1/../../../../arm-none-eabi/lib/thumb/v7e-m/nofp\libg_nano.a(lib_a-mktime.o)
 .text.mktime   0x080057ec      0x370 c:/progra~2/gnutoo~1/82019-~1/bin/../lib/gcc/arm-none-eabi/8.3.1/../../../../arm-none-eabi/lib/thumb/v7e-m/nofp\libg_nano.a(lib_a-mktime.o)
                0x080057ec                mktime
 .text._calloc_r
                0x08005b5c       0x1c c:/progra~2/gnutoo~1/82019-~1/bin/../lib/gcc/arm-none-eabi/8.3.1/../../../../arm-none-eabi/lib/thumb/v7e-m/nofp\libg_nano.a(lib_a-nano-callocr.o)
                0x08005b5c                _calloc_r
 .text._free_r  0x08005b78       0x9c c:/progra~2/gnutoo~1/82019-~1/bin/../lib/gcc/arm-none-eabi/8.3.1/../../../../arm-none-eabi/lib/thumb/v7e-m/nofp\libg_nano.a(lib_a-nano-freer.o)
                0x08005b78                _free_r
 .text._malloc_r
                0x08005c14       0xb4 c:/progra~2/gnutoo~1/82019-~1/bin/../lib/gcc/arm-none-eabi/8.3.1/../../../../arm-none-eabi/lib/thumb/v7e-m/nofp\libg_nano.a(lib_a-nano-mallocr.o)
                0x08005c14                _malloc_r
 .text.printf   0x08005cc8       0x30 c:/progra~2/gnutoo~1/82019-~1/bin/../lib/gcc/arm-none-eabi/8.3.1/../../../../arm-none-eabi/lib/thumb/v7e-m/nofp\libg_nano.a(lib_a-printf.o)
                0x08005cc8                iprintf
                0x08005cc8                printf
 .text._puts_r  0x08005cf8       0xdc c:/progra~2/gnutoo~1/82019-~1/bin/../lib/gcc/arm-none-eabi/8.3.1/../../../../arm-none-eabi/lib/thumb/v7e-m/nofp\libg_nano.a(lib_a-puts.o)
                0x08005cf8                _puts_r
 .text.puts     0x08005dd4       0x10 c:/progra~2/gnutoo~1/82019-~1/bin/../lib/gcc/arm-none-eabi/8.3.1/../../../../arm-none-eabi/lib/thumb/v7e-m/nofp\libg_nano.a(lib_a-puts.o)
                0x08005dd4                puts
 .text._sbrk_r  0x08005de4       0x20 c:/progra~2/gnutoo~1/82019-~1/bin/../lib/gcc/arm-none-eabi/8.3.1/../../../../arm-none-eabi/lib/thumb/v7e-m/nofp\libg_nano.a(lib_a-sbrkr.o)
                0x08005de4                _sbrk_r
 .text.setvbuf  0x08005e04      0x184 c:/progra~2/gnutoo~1/82019-~1/bin/../lib/gcc/arm-none-eabi/8.3.1/../../../../arm-none-eabi/lib/thumb/v7e-m/nofp\libg_nano.a(lib_a-setvbuf.o)
                0x08005e04                setvbuf
 .text.sprintf  0x08005f88       0x40 c:/progra~2/gnutoo~1/82019-~1/bin/../lib/gcc/arm-none-eabi/8.3.1/../../../../arm-none-eabi/lib/thumb/v7e-m/nofp\libg_nano.a(lib_a-sprintf.o)
                0x08005f88                siprintf
                0x08005f88                sprintf
 .text.strcat   0x08005fc8       0x20 c:/progra~2/gnutoo~1/82019-~1/bin/../lib/gcc/arm-none-eabi/8.3.1/../../../../arm-none-eabi/lib/thumb/v7e-m/nofp\libg_nano.a(lib_a-strcat.o)
                0x08005fc8                strcat
 .text.strchr   0x08005fe8       0x1a c:/progra~2/gnutoo~1/82019-~1/bin/../lib/gcc/arm-none-eabi/8.3.1/../../../../arm-none-eabi/lib/thumb/v7e-m/nofp\libg_nano.a(lib_a-strchr.o)
                0x08005fe8                strchr
 .text.strrchr  0x08006002       0x28 c:/progra~2/gnutoo~1/82019-~1/bin/../lib/gcc/arm-none-eabi/8.3.1/../../../../arm-none-eabi/lib/thumb/v7e-m/nofp\libg_nano.a(lib_a-strrchr.o)
                0x08006002                strrchr
 *fill*         0x0800602a        0x2 
 .text.__tzcalc_limits
                0x0800602c      0x150 c:/progra~2/gnutoo~1/82019-~1/bin/../lib/gcc/arm-none-eabi/8.3.1/../../../../arm-none-eabi/lib/thumb/v7e-m/nofp\libg_nano.a(lib_a-tzcalc_limits.o)
                0x0800602c                __tzcalc_limits
 .text.__tz_lock
                0x0800617c        0xc c:/progra~2/gnutoo~1/82019-~1/bin/../lib/gcc/arm-none-eabi/8.3.1/../../../../arm-none-eabi/lib/thumb/v7e-m/nofp\libg_nano.a(lib_a-tzlock.o)
                0x0800617c                __tz_lock
 .text.__tz_unlock
                0x08006188        0xc c:/progra~2/gnutoo~1/82019-~1/bin/../lib/gcc/arm-none-eabi/8.3.1/../../../../arm-none-eabi/lib/thumb/v7e-m/nofp\libg_nano.a(lib_a-tzlock.o)
                0x08006188                __tz_unlock
 .text._tzset_unlocked
                0x08006194        0xc c:/progra~2/gnutoo~1/82019-~1/bin/../lib/gcc/arm-none-eabi/8.3.1/../../../../arm-none-eabi/lib/thumb/v7e-m/nofp\libg_nano.a(lib_a-tzset.o)
                0x08006194                _tzset_unlocked
 .text._tzset_unlocked_r
                0x080061a0      0x2f8 c:/progra~2/gnutoo~1/82019-~1/bin/../lib/gcc/arm-none-eabi/8.3.1/../../../../arm-none-eabi/lib/thumb/v7e-m/nofp\libg_nano.a(lib_a-tzset_r.o)
                0x080061a0                _tzset_unlocked_r
 .text.__swbuf_r
                0x08006498       0xa4 c:/progra~2/gnutoo~1/82019-~1/bin/../lib/gcc/arm-none-eabi/8.3.1/../../../../arm-none-eabi/lib/thumb/v7e-m/nofp\libg_nano.a(lib_a-wbuf.o)
                0x08006498                __swbuf_r
 .text.__swsetup_r
                0x0800653c       0xdc c:/progra~2/gnutoo~1/82019-~1/bin/../lib/gcc/arm-none-eabi/8.3.1/../../../../arm-none-eabi/lib/thumb/v7e-m/nofp\libg_nano.a(lib_a-wsetup.o)
                0x0800653c                __swsetup_r
 .text.div      0x08006618       0x28 c:/progra~2/gnutoo~1/82019-~1/bin/../lib/gcc/arm-none-eabi/8.3.1/../../../../arm-none-eabi/lib/thumb/v7e-m/nofp\libg_nano.a(lib_a-div.o)
                0x08006618                div
 .text.__sflush_r
                0x08006640      0x10c c:/progra~2/gnutoo~1/82019-~1/bin/../lib/gcc/arm-none-eabi/8.3.1/../../../../arm-none-eabi/lib/thumb/v7e-m/nofp\libg_nano.a(lib_a-fflush.o)
                0x08006640                __sflush_r
 .text._fflush_r
                0x0800674c       0x78 c:/progra~2/gnutoo~1/82019-~1/bin/../lib/gcc/arm-none-eabi/8.3.1/../../../../arm-none-eabi/lib/thumb/v7e-m/nofp\libg_nano.a(lib_a-fflush.o)
                0x0800674c                _fflush_r
 .text.std      0x080067c4       0x48 c:/progra~2/gnutoo~1/82019-~1/bin/../lib/gcc/arm-none-eabi/8.3.1/../../../../arm-none-eabi/lib/thumb/v7e-m/nofp\libg_nano.a(lib_a-findfp.o)
 .text._cleanup_r
                0x0800680c        0xc c:/progra~2/gnutoo~1/82019-~1/bin/../lib/gcc/arm-none-eabi/8.3.1/../../../../arm-none-eabi/lib/thumb/v7e-m/nofp\libg_nano.a(lib_a-findfp.o)
                0x0800680c                _cleanup_r
 .text.__sfmoreglue
                0x08006818       0x2c c:/progra~2/gnutoo~1/82019-~1/bin/../lib/gcc/arm-none-eabi/8.3.1/../../../../arm-none-eabi/lib/thumb/v7e-m/nofp\libg_nano.a(lib_a-findfp.o)
                0x08006818                __sfmoreglue
 .text.__sfp_lock_acquire
                0x08006844        0xc c:/progra~2/gnutoo~1/82019-~1/bin/../lib/gcc/arm-none-eabi/8.3.1/../../../../arm-none-eabi/lib/thumb/v7e-m/nofp\libg_nano.a(lib_a-findfp.o)
                0x08006844                __sfp_lock_acquire
 .text.__sfp_lock_release
                0x08006850        0xc c:/progra~2/gnutoo~1/82019-~1/bin/../lib/gcc/arm-none-eabi/8.3.1/../../../../arm-none-eabi/lib/thumb/v7e-m/nofp\libg_nano.a(lib_a-findfp.o)
                0x08006850                __sfp_lock_release
 .text.__sinit_lock_acquire
                0x0800685c        0xc c:/progra~2/gnutoo~1/82019-~1/bin/../lib/gcc/arm-none-eabi/8.3.1/../../../../arm-none-eabi/lib/thumb/v7e-m/nofp\libg_nano.a(lib_a-findfp.o)
                0x0800685c                __sinit_lock_acquire
 .text.__sinit_lock_release
                0x08006868        0xc c:/progra~2/gnutoo~1/82019-~1/bin/../lib/gcc/arm-none-eabi/8.3.1/../../../../arm-none-eabi/lib/thumb/v7e-m/nofp\libg_nano.a(lib_a-findfp.o)
                0x08006868                __sinit_lock_release
 .text.__sinit  0x08006874       0x70 c:/progra~2/gnutoo~1/82019-~1/bin/../lib/gcc/arm-none-eabi/8.3.1/../../../../arm-none-eabi/lib/thumb/v7e-m/nofp\libg_nano.a(lib_a-findfp.o)
                0x08006874                __sinit
 .text.__sfp    0x080068e4       0x8c c:/progra~2/gnutoo~1/82019-~1/bin/../lib/gcc/arm-none-eabi/8.3.1/../../../../arm-none-eabi/lib/thumb/v7e-m/nofp\libg_nano.a(lib_a-findfp.o)
                0x080068e4                __sfp
 .text._fwalk_reent
                0x08006970       0x3c c:/progra~2/gnutoo~1/82019-~1/bin/../lib/gcc/arm-none-eabi/8.3.1/../../../../arm-none-eabi/lib/thumb/v7e-m/nofp\libg_nano.a(lib_a-fwalk.o)
                0x08006970                _fwalk_reent
 .text._findenv_r
                0x080069ac       0x74 c:/progra~2/gnutoo~1/82019-~1/bin/../lib/gcc/arm-none-eabi/8.3.1/../../../../arm-none-eabi/lib/thumb/v7e-m/nofp\libg_nano.a(lib_a-getenv_r.o)
                0x080069ac                _findenv_r
 .text._getenv_r
                0x08006a20        0xe c:/progra~2/gnutoo~1/82019-~1/bin/../lib/gcc/arm-none-eabi/8.3.1/../../../../arm-none-eabi/lib/thumb/v7e-m/nofp\libg_nano.a(lib_a-getenv_r.o)
                0x08006a20                _getenv_r
 *fill*         0x08006a2e        0x2 
 .text.__gettzinfo
                0x08006a30        0x8 c:/progra~2/gnutoo~1/82019-~1/bin/../lib/gcc/arm-none-eabi/8.3.1/../../../../arm-none-eabi/lib/thumb/v7e-m/nofp\libg_nano.a(lib_a-gettzinfo.o)
                0x08006a30                __gettzinfo
 .text.__retarget_lock_init_recursive
                0x08006a38        0x2 c:/progra~2/gnutoo~1/82019-~1/bin/../lib/gcc/arm-none-eabi/8.3.1/../../../../arm-none-eabi/lib/thumb/v7e-m/nofp\libg_nano.a(lib_a-lock.o)
                0x08006a38                __retarget_lock_init_recursive
 .text.__retarget_lock_acquire
                0x08006a3a        0x2 c:/progra~2/gnutoo~1/82019-~1/bin/../lib/gcc/arm-none-eabi/8.3.1/../../../../arm-none-eabi/lib/thumb/v7e-m/nofp\libg_nano.a(lib_a-lock.o)
                0x08006a3a                __retarget_lock_acquire
 .text.__retarget_lock_acquire_recursive
                0x08006a3c        0x2 c:/progra~2/gnutoo~1/82019-~1/bin/../lib/gcc/arm-none-eabi/8.3.1/../../../../arm-none-eabi/lib/thumb/v7e-m/nofp\libg_nano.a(lib_a-lock.o)
                0x08006a3c                __retarget_lock_acquire_recursive
 .text.__retarget_lock_release
                0x08006a3e        0x2 c:/progra~2/gnutoo~1/82019-~1/bin/../lib/gcc/arm-none-eabi/8.3.1/../../../../arm-none-eabi/lib/thumb/v7e-m/nofp\libg_nano.a(lib_a-lock.o)
                0x08006a3e                __retarget_lock_release
 .text.__retarget_lock_release_recursive
                0x08006a40        0x2 c:/progra~2/gnutoo~1/82019-~1/bin/../lib/gcc/arm-none-eabi/8.3.1/../../../../arm-none-eabi/lib/thumb/v7e-m/nofp\libg_nano.a(lib_a-lock.o)
                0x08006a40                __retarget_lock_release_recursive
 .text.__swhatbuf_r
                0x08006a42       0x48 c:/progra~2/gnutoo~1/82019-~1/bin/../lib/gcc/arm-none-eabi/8.3.1/../../../../arm-none-eabi/lib/thumb/v7e-m/nofp\libg_nano.a(lib_a-makebuf.o)
                0x08006a42                __swhatbuf_r
 *fill*         0x08006a8a        0x2 
 .text.__smakebuf_r
                0x08006a8c       0x80 c:/progra~2/gnutoo~1/82019-~1/bin/../lib/gcc/arm-none-eabi/8.3.1/../../../../arm-none-eabi/lib/thumb/v7e-m/nofp\libg_nano.a(lib_a-makebuf.o)
                0x08006a8c                __smakebuf_r
 .text.__malloc_lock
                0x08006b0c        0xc c:/progra~2/gnutoo~1/82019-~1/bin/../lib/gcc/arm-none-eabi/8.3.1/../../../../arm-none-eabi/lib/thumb/v7e-m/nofp\libg_nano.a(lib_a-mlock.o)
                0x08006b0c                __malloc_lock
 .text.__malloc_unlock
                0x08006b18        0xc c:/progra~2/gnutoo~1/82019-~1/bin/../lib/gcc/arm-none-eabi/8.3.1/../../../../arm-none-eabi/lib/thumb/v7e-m/nofp\libg_nano.a(lib_a-mlock.o)
                0x08006b18                __malloc_unlock
 .text.__ssputs_r
                0x08006b24       0xb6 c:/progra~2/gnutoo~1/82019-~1/bin/../lib/gcc/arm-none-eabi/8.3.1/../../../../arm-none-eabi/lib/thumb/v7e-m/nofp\libg_nano.a(lib_a-nano-svfprintf.o)
                0x08006b24                __ssputs_r
 *fill*         0x08006bda        0x2 
 .text._svfprintf_r
                0x08006bdc      0x1f0 c:/progra~2/gnutoo~1/82019-~1/bin/../lib/gcc/arm-none-eabi/8.3.1/../../../../arm-none-eabi/lib/thumb/v7e-m/nofp\libg_nano.a(lib_a-nano-svfprintf.o)
                0x08006bdc                _svfiprintf_r
                0x08006bdc                _svfprintf_r
 .text.__sfputc_r
                0x08006dcc       0x2a c:/progra~2/gnutoo~1/82019-~1/bin/../lib/gcc/arm-none-eabi/8.3.1/../../../../arm-none-eabi/lib/thumb/v7e-m/nofp\libg_nano.a(lib_a-nano-vfprintf.o)
 .text.__sfputs_r
                0x08006df6       0x24 c:/progra~2/gnutoo~1/82019-~1/bin/../lib/gcc/arm-none-eabi/8.3.1/../../../../arm-none-eabi/lib/thumb/v7e-m/nofp\libg_nano.a(lib_a-nano-vfprintf.o)
                0x08006df6                __sfputs_r
 *fill*         0x08006e1a        0x2 
 .text._vfprintf_r
                0x08006e1c      0x250 c:/progra~2/gnutoo~1/82019-~1/bin/../lib/gcc/arm-none-eabi/8.3.1/../../../../arm-none-eabi/lib/thumb/v7e-m/nofp\libg_nano.a(lib_a-nano-vfprintf.o)
                0x08006e1c                _vfprintf_r
                0x08006e1c                _vfiprintf_r
 .text._printf_common
                0x0800706c       0xea c:/progra~2/gnutoo~1/82019-~1/bin/../lib/gcc/arm-none-eabi/8.3.1/../../../../arm-none-eabi/lib/thumb/v7e-m/nofp\libg_nano.a(lib_a-nano-vfprintf_i.o)
                0x0800706c                _printf_common
 *fill*         0x08007156        0x2 
 .text._printf_i
                0x08007158      0x228 c:/progra~2/gnutoo~1/82019-~1/bin/../lib/gcc/arm-none-eabi/8.3.1/../../../../arm-none-eabi/lib/thumb/v7e-m/nofp\libg_nano.a(lib_a-nano-vfprintf_i.o)
                0x08007158                _printf_i
 .text.sscanf   0x08007380       0x54 c:/progra~2/gnutoo~1/82019-~1/bin/../lib/gcc/arm-none-eabi/8.3.1/../../../../arm-none-eabi/lib/thumb/v7e-m/nofp\libg_nano.a(lib_a-sscanf.o)
                0x08007380                siscanf
                0x08007380                sscanf
 .text.__sread  0x080073d4       0x22 c:/progra~2/gnutoo~1/82019-~1/bin/../lib/gcc/arm-none-eabi/8.3.1/../../../../arm-none-eabi/lib/thumb/v7e-m/nofp\libg_nano.a(lib_a-stdio.o)
                0x080073d4                __sread
 .text.__seofread
                0x080073f6        0x4 c:/progra~2/gnutoo~1/82019-~1/bin/../lib/gcc/arm-none-eabi/8.3.1/../../../../arm-none-eabi/lib/thumb/v7e-m/nofp\libg_nano.a(lib_a-stdio.o)
                0x080073f6                __seofread
 .text.__swrite
                0x080073fa       0x38 c:/progra~2/gnutoo~1/82019-~1/bin/../lib/gcc/arm-none-eabi/8.3.1/../../../../arm-none-eabi/lib/thumb/v7e-m/nofp\libg_nano.a(lib_a-stdio.o)
                0x080073fa                __swrite
 .text.__sseek  0x08007432       0x24 c:/progra~2/gnutoo~1/82019-~1/bin/../lib/gcc/arm-none-eabi/8.3.1/../../../../arm-none-eabi/lib/thumb/v7e-m/nofp\libg_nano.a(lib_a-stdio.o)
                0x08007432                __sseek
 .text.__sclose
                0x08007456        0x8 c:/progra~2/gnutoo~1/82019-~1/bin/../lib/gcc/arm-none-eabi/8.3.1/../../../../arm-none-eabi/lib/thumb/v7e-m/nofp\libg_nano.a(lib_a-stdio.o)
                0x08007456                __sclose
 .text.strcpy   0x0800745e       0x10 c:/progra~2/gnutoo~1/82019-~1/bin/../lib/gcc/arm-none-eabi/8.3.1/../../../../arm-none-eabi/lib/thumb/v7e-m/nofp\libg_nano.a(lib_a-strcpy.o)
                0x0800745e                strcpy
 .text.strncmp  0x0800746e       0x24 c:/progra~2/gnutoo~1/82019-~1/bin/../lib/gcc/arm-none-eabi/8.3.1/../../../../arm-none-eabi/lib/thumb/v7e-m/nofp\libg_nano.a(lib_a-strncmp.o)
                0x0800746e                strncmp
 *fill*         0x08007492        0x2 
 .text._strtoul_l.isra.0
                0x08007494       0xec c:/progra~2/gnutoo~1/82019-~1/bin/../lib/gcc/arm-none-eabi/8.3.1/../../../../arm-none-eabi/lib/thumb/v7e-m/nofp\libg_nano.a(lib_a-strtoul.o)
 .text._strtoul_r
                0x08007580        0x4 c:/progra~2/gnutoo~1/82019-~1/bin/../lib/gcc/arm-none-eabi/8.3.1/../../../../arm-none-eabi/lib/thumb/v7e-m/nofp\libg_nano.a(lib_a-strtoul.o)
                0x08007580                _strtoul_r
 .text.strtoul  0x08007584       0x14 c:/progra~2/gnutoo~1/82019-~1/bin/../lib/gcc/arm-none-eabi/8.3.1/../../../../arm-none-eabi/lib/thumb/v7e-m/nofp\libg_nano.a(lib_a-strtoul.o)
                0x08007584                strtoul
 .text._write_r
                0x08007598       0x24 c:/progra~2/gnutoo~1/82019-~1/bin/../lib/gcc/arm-none-eabi/8.3.1/../../../../arm-none-eabi/lib/thumb/v7e-m/nofp\libg_nano.a(lib_a-writer.o)
                0x08007598                _write_r
 .text._close_r
                0x080075bc       0x20 c:/progra~2/gnutoo~1/82019-~1/bin/../lib/gcc/arm-none-eabi/8.3.1/../../../../arm-none-eabi/lib/thumb/v7e-m/nofp\libg_nano.a(lib_a-closer.o)
                0x080075bc                _close_r
 .text.__env_lock
                0x080075dc        0xc c:/progra~2/gnutoo~1/82019-~1/bin/../lib/gcc/arm-none-eabi/8.3.1/../../../../arm-none-eabi/lib/thumb/v7e-m/nofp\libg_nano.a(lib_a-envlock.o)
                0x080075dc                __env_lock
 .text.__env_unlock
                0x080075e8        0xc c:/progra~2/gnutoo~1/82019-~1/bin/../lib/gcc/arm-none-eabi/8.3.1/../../../../arm-none-eabi/lib/thumb/v7e-m/nofp\libg_nano.a(lib_a-envlock.o)
                0x080075e8                __env_unlock
 .text._fstat_r
                0x080075f4       0x24 c:/progra~2/gnutoo~1/82019-~1/bin/../lib/gcc/arm-none-eabi/8.3.1/../../../../arm-none-eabi/lib/thumb/v7e-m/nofp\libg_nano.a(lib_a-fstatr.o)
                0x080075f4                _fstat_r
 .text._isatty_r
                0x08007618       0x20 c:/progra~2/gnutoo~1/82019-~1/bin/../lib/gcc/arm-none-eabi/8.3.1/../../../../arm-none-eabi/lib/thumb/v7e-m/nofp\libg_nano.a(lib_a-isattyr.o)
                0x08007618                _isatty_r
 .text._lseek_r
                0x08007638       0x24 c:/progra~2/gnutoo~1/82019-~1/bin/../lib/gcc/arm-none-eabi/8.3.1/../../../../arm-none-eabi/lib/thumb/v7e-m/nofp\libg_nano.a(lib_a-lseekr.o)
                0x08007638                _lseek_r
 .text.memmove  0x0800765c       0x34 c:/progra~2/gnutoo~1/82019-~1/bin/../lib/gcc/arm-none-eabi/8.3.1/../../../../arm-none-eabi/lib/thumb/v7e-m/nofp\libg_nano.a(lib_a-memmove.o)
                0x0800765c                memmove
 .text._realloc_r
                0x08007690       0x4c c:/progra~2/gnutoo~1/82019-~1/bin/../lib/gcc/arm-none-eabi/8.3.1/../../../../arm-none-eabi/lib/thumb/v7e-m/nofp\libg_nano.a(lib_a-nano-reallocr.o)
                0x08007690                _realloc_r
 .text._sungetc_r
                0x080076dc       0x7a c:/progra~2/gnutoo~1/82019-~1/bin/../lib/gcc/arm-none-eabi/8.3.1/../../../../arm-none-eabi/lib/thumb/v7e-m/nofp\libg_nano.a(lib_a-nano-svfscanf.o)
                0x080076dc                _sungetc_r
 .text.__ssrefill_r
                0x08007756       0x3a c:/progra~2/gnutoo~1/82019-~1/bin/../lib/gcc/arm-none-eabi/8.3.1/../../../../arm-none-eabi/lib/thumb/v7e-m/nofp\libg_nano.a(lib_a-nano-svfscanf.o)
                0x08007756                __ssrefill_r
 .text.__ssvfscanf_r
                0x08007790      0x290 c:/progra~2/gnutoo~1/82019-~1/bin/../lib/gcc/arm-none-eabi/8.3.1/../../../../arm-none-eabi/lib/thumb/v7e-m/nofp\libg_nano.a(lib_a-nano-svfscanf.o)
                0x08007790                __ssvfiscanf_r
                0x08007790                __ssvfscanf_r
 .text._scanf_chars
                0x08007a20       0xb0 c:/progra~2/gnutoo~1/82019-~1/bin/../lib/gcc/arm-none-eabi/8.3.1/../../../../arm-none-eabi/lib/thumb/v7e-m/nofp\libg_nano.a(lib_a-nano-vfscanf_i.o)
                0x08007a20                _scanf_chars
 .text._scanf_i
                0x08007ad0      0x1e8 c:/progra~2/gnutoo~1/82019-~1/bin/../lib/gcc/arm-none-eabi/8.3.1/../../../../arm-none-eabi/lib/thumb/v7e-m/nofp\libg_nano.a(lib_a-nano-vfscanf_i.o)
                0x08007ad0                _scanf_i
 .text._read_r  0x08007cb8       0x24 c:/progra~2/gnutoo~1/82019-~1/bin/../lib/gcc/arm-none-eabi/8.3.1/../../../../arm-none-eabi/lib/thumb/v7e-m/nofp\libg_nano.a(lib_a-readr.o)
                0x08007cb8                _read_r
 .text.__sccl   0x08007cdc       0x64 c:/progra~2/gnutoo~1/82019-~1/bin/../lib/gcc/arm-none-eabi/8.3.1/../../../../arm-none-eabi/lib/thumb/v7e-m/nofp\libg_nano.a(lib_a-sccl.o)
                0x08007cdc                __sccl
 .text._strtol_l.isra.0
                0x08007d40       0xf0 c:/progra~2/gnutoo~1/82019-~1/bin/../lib/gcc/arm-none-eabi/8.3.1/../../../../arm-none-eabi/lib/thumb/v7e-m/nofp\libg_nano.a(lib_a-strtol.o)
 .text._strtol_r
                0x08007e30        0x4 c:/progra~2/gnutoo~1/82019-~1/bin/../lib/gcc/arm-none-eabi/8.3.1/../../../../arm-none-eabi/lib/thumb/v7e-m/nofp\libg_nano.a(lib_a-strtol.o)
                0x08007e30                _strtol_r
 .text.__submore
                0x08007e34       0x74 c:/progra~2/gnutoo~1/82019-~1/bin/../lib/gcc/arm-none-eabi/8.3.1/../../../../arm-none-eabi/lib/thumb/v7e-m/nofp\libg_nano.a(lib_a-ungetc.o)
                0x08007e34                __submore
 .text._malloc_usable_size_r
                0x08007ea8       0x10 c:/progra~2/gnutoo~1/82019-~1/bin/../lib/gcc/arm-none-eabi/8.3.1/../../../../arm-none-eabi/lib/thumb/v7e-m/nofp\libg_nano.a(lib_a-nano-msizer.o)
                0x08007ea8                _malloc_usable_size_r
 *(.glue_7)
 .glue_7        0x08007eb8        0x0 linker stubs
 *(.glue_7t)
 .glue_7t       0x08007eb8        0x0 linker stubs
 *(.eh_frame)
 .eh_frame      0x08007eb8        0x0 c:/progra~2/gnutoo~1/82019-~1/bin/../lib/gcc/arm-none-eabi/8.3.1/thumb/v7e-m/nofp/crtbegin.o
 *(.init)
 .init          0x08007eb8        0x4 c:/progra~2/gnutoo~1/82019-~1/bin/../lib/gcc/arm-none-eabi/8.3.1/thumb/v7e-m/nofp/crti.o
                0x08007eb8                _init
 .init          0x08007ebc        0x8 c:/progra~2/gnutoo~1/82019-~1/bin/../lib/gcc/arm-none-eabi/8.3.1/thumb/v7e-m/nofp/crtn.o
 *(.fini)
 .fini          0x08007ec4        0x4 c:/progra~2/gnutoo~1/82019-~1/bin/../lib/gcc/arm-none-eabi/8.3.1/thumb/v7e-m/nofp/crti.o
                0x08007ec4                _fini
 .fini          0x08007ec8        0x8 c:/progra~2/gnutoo~1/82019-~1/bin/../lib/gcc/arm-none-eabi/8.3.1/thumb/v7e-m/nofp/crtn.o
                0x08007ed0                . = ALIGN (0x4)
                0x08007ed0                _etext = .

.vfp11_veneer   0x08007ed0        0x0
 .vfp11_veneer  0x08007ed0        0x0 linker stubs

.v4_bx          0x08007ed0        0x0
 .v4_bx         0x08007ed0        0x0 linker stubs

.iplt           0x08007ed0        0x0
 .iplt          0x08007ed0        0x0 c:/progra~2/gnutoo~1/82019-~1/bin/../lib/gcc/arm-none-eabi/8.3.1/thumb/v7e-m/nofp/crtbegin.o

.rodata         0x08007ed0      0x628
                0x08007ed0                . = ALIGN (0x4)
 *(.rodata)
 .rodata        0x08007ed0      0x314 CMakeFiles/F407AIUI.elf.dir/Src/aiui.c.obj
 .rodata        0x080081e4        0xc c:/progra~2/gnutoo~1/82019-~1/bin/../lib/gcc/arm-none-eabi/8.3.1/../../../../arm-none-eabi/lib/thumb/v7e-m/nofp\libg_nano.a(lib_a-nano-vfscanf_i.o)
 *(.rodata*)
 .rodata.base64_alphabet
                0x080081f0       0x40 CMakeFiles/F407AIUI.elf.dir/Src/base64.c.obj
 .rodata.AHBPrescTable
                0x08008230       0x10 CMakeFiles/F407AIUI.elf.dir/Src/system_stm32f4xx.c.obj
                0x08008230                AHBPrescTable
 .rodata.APBPrescTable
                0x08008240        0x8 CMakeFiles/F407AIUI.elf.dir/Src/system_stm32f4xx.c.obj
                0x08008240                APBPrescTable
 .rodata._global_impure_ptr
                0x08008248        0x4 c:/progra~2/gnutoo~1/82019-~1/bin/../lib/gcc/arm-none-eabi/8.3.1/../../../../arm-none-eabi/lib/thumb/v7e-m/nofp\libg_nano.a(lib_a-impure.o)
                0x08008248                _global_impure_ptr
 .rodata.DAYS_IN_MONTH
                0x0800824c       0x30 c:/progra~2/gnutoo~1/82019-~1/bin/../lib/gcc/arm-none-eabi/8.3.1/../../../../arm-none-eabi/lib/thumb/v7e-m/nofp\libg_nano.a(lib_a-mktime.o)
 .rodata._DAYS_BEFORE_MONTH
                0x0800827c       0x30 c:/progra~2/gnutoo~1/82019-~1/bin/../lib/gcc/arm-none-eabi/8.3.1/../../../../arm-none-eabi/lib/thumb/v7e-m/nofp\libg_nano.a(lib_a-mktime.o)
 .rodata._tzset_unlocked_r.str1.1
                0x080082ac       0x3c c:/progra~2/gnutoo~1/82019-~1/bin/../lib/gcc/arm-none-eabi/8.3.1/../../../../arm-none-eabi/lib/thumb/v7e-m/nofp\libg_nano.a(lib_a-tzset_r.o)
                                 0x4e (size before relaxing)
 .rodata.str1.1
                0x080082e8        0x4 c:/progra~2/gnutoo~1/82019-~1/bin/../lib/gcc/arm-none-eabi/8.3.1/../../../../arm-none-eabi/lib/thumb/v7e-m/nofp\libg_nano.a(lib_a-tzvars.o)
 .rodata.__sf_fake_stderr
                0x080082e8       0x20 c:/progra~2/gnutoo~1/82019-~1/bin/../lib/gcc/arm-none-eabi/8.3.1/../../../../arm-none-eabi/lib/thumb/v7e-m/nofp\libg_nano.a(lib_a-findfp.o)
                0x080082e8                __sf_fake_stderr
 .rodata.__sf_fake_stdin
                0x08008308       0x20 c:/progra~2/gnutoo~1/82019-~1/bin/../lib/gcc/arm-none-eabi/8.3.1/../../../../arm-none-eabi/lib/thumb/v7e-m/nofp\libg_nano.a(lib_a-findfp.o)
                0x08008308                __sf_fake_stdin
 .rodata.__sf_fake_stdout
                0x08008328       0x20 c:/progra~2/gnutoo~1/82019-~1/bin/../lib/gcc/arm-none-eabi/8.3.1/../../../../arm-none-eabi/lib/thumb/v7e-m/nofp\libg_nano.a(lib_a-findfp.o)
                0x08008328                __sf_fake_stdout
 .rodata.__month_lengths
                0x08008348       0x60 c:/progra~2/gnutoo~1/82019-~1/bin/../lib/gcc/arm-none-eabi/8.3.1/../../../../arm-none-eabi/lib/thumb/v7e-m/nofp\libg_nano.a(lib_a-month_lengths.o)
                0x08008348                __month_lengths
 .rodata._svfprintf_r.str1.1
                0x080083a8       0x11 c:/progra~2/gnutoo~1/82019-~1/bin/../lib/gcc/arm-none-eabi/8.3.1/../../../../arm-none-eabi/lib/thumb/v7e-m/nofp\libg_nano.a(lib_a-nano-svfprintf.o)
 .rodata._vfprintf_r.str1.1
                0x080083b9       0x11 c:/progra~2/gnutoo~1/82019-~1/bin/../lib/gcc/arm-none-eabi/8.3.1/../../../../arm-none-eabi/lib/thumb/v7e-m/nofp\libg_nano.a(lib_a-nano-vfprintf.o)
 .rodata._printf_i.str1.1
                0x080083b9       0x22 c:/progra~2/gnutoo~1/82019-~1/bin/../lib/gcc/arm-none-eabi/8.3.1/../../../../arm-none-eabi/lib/thumb/v7e-m/nofp\libg_nano.a(lib_a-nano-vfprintf_i.o)
 .rodata._ctype_
                0x080083db      0x101 c:/progra~2/gnutoo~1/82019-~1/bin/../lib/gcc/arm-none-eabi/8.3.1/../../../../arm-none-eabi/lib/thumb/v7e-m/nofp\libg_nano.a(lib_a-ctype_.o)
                0x080083db                _ctype_
 .rodata.__ssvfscanf_r.str1.1
                0x080084dc        0x4 c:/progra~2/gnutoo~1/82019-~1/bin/../lib/gcc/arm-none-eabi/8.3.1/../../../../arm-none-eabi/lib/thumb/v7e-m/nofp\libg_nano.a(lib_a-nano-svfscanf.o)
 .rodata._scanf_i.str1.1
                0x080084dc       0x12 c:/progra~2/gnutoo~1/82019-~1/bin/../lib/gcc/arm-none-eabi/8.3.1/../../../../arm-none-eabi/lib/thumb/v7e-m/nofp\libg_nano.a(lib_a-nano-vfscanf_i.o)
 .rodata.str1.1
                0x080084ee        0x9 c:/progra~2/gnutoo~1/82019-~1/bin/../lib/gcc/arm-none-eabi/8.3.1/../../../../arm-none-eabi/lib/thumb/v7e-m/nofp\libg_nano.a(lib_a-nano-vfscanf_i.o)
                0x080084f8                . = ALIGN (0x4)
 *fill*         0x080084f7        0x1 

.ARM.extab
 *(.ARM.extab* .gnu.linkonce.armextab.*)

.ARM            0x080084f8        0x8
                0x080084f8                __exidx_start = .
 *(.ARM.exidx*)
 .ARM.exidx     0x080084f8        0x8 c:/progra~2/gnutoo~1/82019-~1/bin/../lib/gcc/arm-none-eabi/8.3.1/thumb/v7e-m/nofp\libgcc.a(_udivmoddi4.o)
                0x08008500                __exidx_end = .

.rel.dyn        0x08008500        0x0
 .rel.iplt      0x08008500        0x0 c:/progra~2/gnutoo~1/82019-~1/bin/../lib/gcc/arm-none-eabi/8.3.1/thumb/v7e-m/nofp/crtbegin.o

.preinit_array  0x08008500        0x0
                0x08008500                PROVIDE (__preinit_array_start = .)
 *(.preinit_array*)
                0x08008500                PROVIDE (__preinit_array_end = .)

.init_array     0x08008500        0x4
                0x08008500                PROVIDE (__init_array_start = .)
 *(SORT_BY_NAME(.init_array.*))
 *(.init_array*)
 .init_array    0x08008500        0x4 c:/progra~2/gnutoo~1/82019-~1/bin/../lib/gcc/arm-none-eabi/8.3.1/thumb/v7e-m/nofp/crtbegin.o
                0x08008504                PROVIDE (__init_array_end = .)

.fini_array     0x08008504        0x4
                [!provide]                PROVIDE (__fini_array_start = .)
 *(SORT_BY_NAME(.fini_array.*))
 *(.fini_array*)
 .fini_array    0x08008504        0x4 c:/progra~2/gnutoo~1/82019-~1/bin/../lib/gcc/arm-none-eabi/8.3.1/thumb/v7e-m/nofp/crtbegin.o
                [!provide]                PROVIDE (__fini_array_end = .)
                0x08008508                _sidata = LOADADDR (.data)

.data           0x20000000      0x1b8 load address 0x08008508
                0x20000000                . = ALIGN (0x4)
                0x20000000                _sdata = .
 *(.data)
 *(.data*)
 .data.uwTickFreq
                0x20000000        0x1 CMakeFiles/F407AIUI.elf.dir/Drivers/STM32F4xx_HAL_Driver/Src/stm32f4xx_hal.c.obj
                0x20000000                uwTickFreq
 *fill*         0x20000001        0x3 
 .data.URL      0x20000004       0x11 CMakeFiles/F407AIUI.elf.dir/Src/aiui.c.obj
                0x20000004                URL
 *fill*         0x20000015        0x3 
 .data.APPID    0x20000018        0x9 CMakeFiles/F407AIUI.elf.dir/Src/aiui.c.obj
                0x20000018                APPID
 *fill*         0x20000021        0x3 
 .data.API_KEY  0x20000024       0x21 CMakeFiles/F407AIUI.elf.dir/Src/aiui.c.obj
                0x20000024                API_KEY
 *fill*         0x20000045        0x3 
 .data.SCENE    0x20000048        0x9 CMakeFiles/F407AIUI.elf.dir/Src/aiui.c.obj
                0x20000048                SCENE
 *fill*         0x20000051        0x3 
 .data.AUTH_ID  0x20000054       0x21 CMakeFiles/F407AIUI.elf.dir/Src/aiui.c.obj
                0x20000054                AUTH_ID
 *fill*         0x20000075        0x3 
 .data.DATA_TYPE
                0x20000078        0x5 CMakeFiles/F407AIUI.elf.dir/Src/aiui.c.obj
                0x20000078                DATA_TYPE
 *fill*         0x2000007d        0x3 
 .data.SAMPLE_RATE
                0x20000080        0x6 CMakeFiles/F407AIUI.elf.dir/Src/aiui.c.obj
                0x20000080                SAMPLE_RATE
 *fill*         0x20000086        0x2 
 .data.AUE      0x20000088        0x4 CMakeFiles/F407AIUI.elf.dir/Src/aiui.c.obj
                0x20000088                AUE
 .data.LAT      0x2000008c        0xa CMakeFiles/F407AIUI.elf.dir/Src/aiui.c.obj
                0x2000008c                LAT
 *fill*         0x20000096        0x2 
 .data.LNG      0x20000098        0xb CMakeFiles/F407AIUI.elf.dir/Src/aiui.c.obj
                0x20000098                LNG
 *fill*         0x200000a3        0x1 
 .data.RESULT_LEVEL
                0x200000a4        0x6 CMakeFiles/F407AIUI.elf.dir/Src/aiui.c.obj
                0x200000a4                RESULT_LEVEL
 *fill*         0x200000aa        0x2 
 .data.PADDING  0x200000ac       0x40 CMakeFiles/F407AIUI.elf.dir/Src/md5.c.obj
                0x200000ac                PADDING
 .data.environ  0x200000ec        0x4 CMakeFiles/F407AIUI.elf.dir/Src/syscalls.c.obj
                0x200000ec                environ
 .data.SystemCoreClock
                0x200000f0        0x4 CMakeFiles/F407AIUI.elf.dir/Src/system_stm32f4xx.c.obj
                0x200000f0                SystemCoreClock
 .data._impure_ptr
                0x200000f4        0x4 c:/progra~2/gnutoo~1/82019-~1/bin/../lib/gcc/arm-none-eabi/8.3.1/../../../../arm-none-eabi/lib/thumb/v7e-m/nofp\libg_nano.a(lib_a-impure.o)
                0x200000f4                _impure_ptr
 .data.impure_data
                0x200000f8       0x60 c:/progra~2/gnutoo~1/82019-~1/bin/../lib/gcc/arm-none-eabi/8.3.1/../../../../arm-none-eabi/lib/thumb/v7e-m/nofp\libg_nano.a(lib_a-impure.o)
 .data._tzname  0x20000158        0x8 c:/progra~2/gnutoo~1/82019-~1/bin/../lib/gcc/arm-none-eabi/8.3.1/../../../../arm-none-eabi/lib/thumb/v7e-m/nofp\libg_nano.a(lib_a-tzvars.o)
                0x20000158                _tzname
 .data.tzinfo   0x20000160       0x58 c:/progra~2/gnutoo~1/82019-~1/bin/../lib/gcc/arm-none-eabi/8.3.1/../../../../arm-none-eabi/lib/thumb/v7e-m/nofp\libg_nano.a(lib_a-gettzinfo.o)
                0x200001b8                . = ALIGN (0x4)
                0x200001b8                _edata = .
                0x080086c0                _siccmram = LOADADDR (.ccmram)

.igot.plt       0x200001b8        0x0 load address 0x080086c0
 .igot.plt      0x200001b8        0x0 c:/progra~2/gnutoo~1/82019-~1/bin/../lib/gcc/arm-none-eabi/8.3.1/thumb/v7e-m/nofp/crtbegin.o

.ccmram         0x10000000        0x0 load address 0x080086c0
                0x10000000                . = ALIGN (0x4)
                0x10000000                _sccmram = .
 *(.ccmram)
 *(.ccmram*)
                0x10000000                . = ALIGN (0x4)
                0x10000000                _eccmram = .
                0x10000000                . = ALIGN (0x4)

.bss            0x200001b8     0xa18c
                0x200001b8                _sbss = .
                0x200001b8                __bss_start__ = _sbss
 *(.bss)
 .bss           0x200001b8       0x1c c:/progra~2/gnutoo~1/82019-~1/bin/../lib/gcc/arm-none-eabi/8.3.1/thumb/v7e-m/nofp/crtbegin.o
 *(.bss*)
 .bss.uwTick    0x200001d4        0x4 CMakeFiles/F407AIUI.elf.dir/Drivers/STM32F4xx_HAL_Driver/Src/stm32f4xx_hal.c.obj
                0x200001d4                uwTick
 .bss.a         0x200001d8     0x5000 CMakeFiles/F407AIUI.elf.dir/Src/main.c.obj
                0x200001d8                a
 .bss.b         0x200051d8     0x5000 CMakeFiles/F407AIUI.elf.dir/Src/main.c.obj
                0x200051d8                b
 .bss.i.8888    0x2000a1d8        0x4 CMakeFiles/F407AIUI.elf.dir/Src/main.c.obj
 .bss.j.8889    0x2000a1dc        0x4 CMakeFiles/F407AIUI.elf.dir/Src/main.c.obj
 .bss.hrtc      0x2000a1e0       0x20 CMakeFiles/F407AIUI.elf.dir/Src/rtc.c.obj
                0x2000a1e0                hrtc
 .bss.htim1     0x2000a200       0x40 CMakeFiles/F407AIUI.elf.dir/Src/stm32f4xx_hal_timebase_tim.c.obj
                0x2000a200                htim1
 .bss.__env     0x2000a240        0x4 CMakeFiles/F407AIUI.elf.dir/Src/syscalls.c.obj
                0x2000a240                __env
 .bss.heap_end.6069
                0x2000a244        0x4 CMakeFiles/F407AIUI.elf.dir/Src/syscalls.c.obj
 .bss.htim6     0x2000a248       0x40 CMakeFiles/F407AIUI.elf.dir/Src/tim.c.obj
                0x2000a248                htim6
 .bss.huart1    0x2000a288       0x40 CMakeFiles/F407AIUI.elf.dir/Src/usart.c.obj
                0x2000a288                huart1
 .bss.huart2    0x2000a2c8       0x40 CMakeFiles/F407AIUI.elf.dir/Src/usart.c.obj
                0x2000a2c8                huart2
 .bss.__malloc_free_list
                0x2000a308        0x4 c:/progra~2/gnutoo~1/82019-~1/bin/../lib/gcc/arm-none-eabi/8.3.1/../../../../arm-none-eabi/lib/thumb/v7e-m/nofp\libg_nano.a(lib_a-nano-mallocr.o)
                0x2000a308                __malloc_free_list
 .bss.__malloc_sbrk_start
                0x2000a30c        0x4 c:/progra~2/gnutoo~1/82019-~1/bin/../lib/gcc/arm-none-eabi/8.3.1/../../../../arm-none-eabi/lib/thumb/v7e-m/nofp\libg_nano.a(lib_a-nano-mallocr.o)
                0x2000a30c                __malloc_sbrk_start
 .bss.__tzname_dst
                0x2000a310        0xb c:/progra~2/gnutoo~1/82019-~1/bin/../lib/gcc/arm-none-eabi/8.3.1/../../../../arm-none-eabi/lib/thumb/v7e-m/nofp\libg_nano.a(lib_a-tzset_r.o)
 .bss.__tzname_std
                0x2000a31b        0xb c:/progra~2/gnutoo~1/82019-~1/bin/../lib/gcc/arm-none-eabi/8.3.1/../../../../arm-none-eabi/lib/thumb/v7e-m/nofp\libg_nano.a(lib_a-tzset_r.o)
 *fill*         0x2000a326        0x2 
 .bss.prev_tzenv
                0x2000a328        0x4 c:/progra~2/gnutoo~1/82019-~1/bin/../lib/gcc/arm-none-eabi/8.3.1/../../../../arm-none-eabi/lib/thumb/v7e-m/nofp\libg_nano.a(lib_a-tzset_r.o)
 .bss._daylight
                0x2000a32c        0x4 c:/progra~2/gnutoo~1/82019-~1/bin/../lib/gcc/arm-none-eabi/8.3.1/../../../../arm-none-eabi/lib/thumb/v7e-m/nofp\libg_nano.a(lib_a-tzvars.o)
                0x2000a32c                _daylight
 .bss._timezone
                0x2000a330        0x4 c:/progra~2/gnutoo~1/82019-~1/bin/../lib/gcc/arm-none-eabi/8.3.1/../../../../arm-none-eabi/lib/thumb/v7e-m/nofp\libg_nano.a(lib_a-tzvars.o)
                0x2000a330                _timezone
 *(COMMON)
 COMMON         0x2000a334        0x9 c:/progra~2/gnutoo~1/82019-~1/bin/../lib/gcc/arm-none-eabi/8.3.1/../../../../arm-none-eabi/lib/thumb/v7e-m/nofp\libg_nano.a(lib_a-lock.o)
                0x2000a334                __lock___atexit_recursive_mutex
                0x2000a335                __lock___arc4random_mutex
                0x2000a336                __lock___env_recursive_mutex
                0x2000a337                __lock___sinit_recursive_mutex
                0x2000a338                __lock___malloc_recursive_mutex
                0x2000a339                __lock___at_quick_exit_mutex
                0x2000a33a                __lock___dd_hash_mutex
                0x2000a33b                __lock___tz_mutex
                0x2000a33c                __lock___sfp_recursive_mutex
 *fill*         0x2000a33d        0x3 
 COMMON         0x2000a340        0x4 c:/progra~2/gnutoo~1/82019-~1/bin/../lib/gcc/arm-none-eabi/8.3.1/../../../../arm-none-eabi/lib/thumb/v7e-m/nofp\libg_nano.a(lib_a-reent.o)
                0x2000a340                errno
                0x2000a344                . = ALIGN (0x4)
                0x2000a344                _ebss = .
                0x2000a344                __bss_end__ = _ebss

._user_heap_stack
                0x2000a344      0x604
                0x2000a348                . = ALIGN (0x8)
 *fill*         0x2000a344        0x4 
                0x2000a348                PROVIDE (end = .)
                [!provide]                PROVIDE (_end = .)
                0x2000a548                . = (. + _Min_Heap_Size)
 *fill*         0x2000a348      0x200 
                0x2000a948                . = (. + _Min_Stack_Size)
 *fill*         0x2000a548      0x400 
                0x2000a948                . = ALIGN (0x8)

/DISCARD/
 libc.a(*)
 libm.a(*)
 libgcc.a(*)

.ARM.attributes
                0x00000000       0x2a
 *(.ARM.attributes)
 .ARM.attributes
                0x00000000       0x1e c:/progra~2/gnutoo~1/82019-~1/bin/../lib/gcc/arm-none-eabi/8.3.1/thumb/v7e-m/nofp/crti.o
 .ARM.attributes
                0x0000001e       0x2e c:/progra~2/gnutoo~1/82019-~1/bin/../lib/gcc/arm-none-eabi/8.3.1/thumb/v7e-m/nofp/crtbegin.o
 .ARM.attributes
                0x0000004c       0x2e CMakeFiles/F407AIUI.elf.dir/Drivers/STM32F4xx_HAL_Driver/Src/stm32f4xx_hal.c.obj
 .ARM.attributes
                0x0000007a       0x2e CMakeFiles/F407AIUI.elf.dir/Drivers/STM32F4xx_HAL_Driver/Src/stm32f4xx_hal_cortex.c.obj
 .ARM.attributes
                0x000000a8       0x2e CMakeFiles/F407AIUI.elf.dir/Drivers/STM32F4xx_HAL_Driver/Src/stm32f4xx_hal_dma.c.obj
 .ARM.attributes
                0x000000d6       0x2e CMakeFiles/F407AIUI.elf.dir/Drivers/STM32F4xx_HAL_Driver/Src/stm32f4xx_hal_gpio.c.obj
 .ARM.attributes
                0x00000104       0x2e CMakeFiles/F407AIUI.elf.dir/Drivers/STM32F4xx_HAL_Driver/Src/stm32f4xx_hal_rcc.c.obj
 .ARM.attributes
                0x00000132       0x2e CMakeFiles/F407AIUI.elf.dir/Drivers/STM32F4xx_HAL_Driver/Src/stm32f4xx_hal_rcc_ex.c.obj
 .ARM.attributes
                0x00000160       0x2e CMakeFiles/F407AIUI.elf.dir/Drivers/STM32F4xx_HAL_Driver/Src/stm32f4xx_hal_rtc.c.obj
 .ARM.attributes
                0x0000018e       0x2e CMakeFiles/F407AIUI.elf.dir/Drivers/STM32F4xx_HAL_Driver/Src/stm32f4xx_hal_rtc_ex.c.obj
 .ARM.attributes
                0x000001bc       0x2e CMakeFiles/F407AIUI.elf.dir/Drivers/STM32F4xx_HAL_Driver/Src/stm32f4xx_hal_tim.c.obj
 .ARM.attributes
                0x000001ea       0x2e CMakeFiles/F407AIUI.elf.dir/Drivers/STM32F4xx_HAL_Driver/Src/stm32f4xx_hal_tim_ex.c.obj
 .ARM.attributes
                0x00000218       0x2e CMakeFiles/F407AIUI.elf.dir/Drivers/STM32F4xx_HAL_Driver/Src/stm32f4xx_hal_uart.c.obj
 .ARM.attributes
                0x00000246       0x2e CMakeFiles/F407AIUI.elf.dir/Src/aiui.c.obj
 .ARM.attributes
                0x00000274       0x2e CMakeFiles/F407AIUI.elf.dir/Src/base64.c.obj
 .ARM.attributes
                0x000002a2       0x2e CMakeFiles/F407AIUI.elf.dir/Src/gpio.c.obj
 .ARM.attributes
                0x000002d0       0x2e CMakeFiles/F407AIUI.elf.dir/Src/main.c.obj
 .ARM.attributes
                0x000002fe       0x2e CMakeFiles/F407AIUI.elf.dir/Src/md5.c.obj
 .ARM.attributes
                0x0000032c       0x2e CMakeFiles/F407AIUI.elf.dir/Src/rtc.c.obj
 .ARM.attributes
                0x0000035a       0x2e CMakeFiles/F407AIUI.elf.dir/Src/stm32f4xx_hal_msp.c.obj
 .ARM.attributes
                0x00000388       0x2e CMakeFiles/F407AIUI.elf.dir/Src/stm32f4xx_hal_timebase_tim.c.obj
 .ARM.attributes
                0x000003b6       0x2e CMakeFiles/F407AIUI.elf.dir/Src/stm32f4xx_it.c.obj
 .ARM.attributes
                0x000003e4       0x2e CMakeFiles/F407AIUI.elf.dir/Src/syscalls.c.obj
 .ARM.attributes
                0x00000412       0x2e CMakeFiles/F407AIUI.elf.dir/Src/system_stm32f4xx.c.obj
 .ARM.attributes
                0x00000440       0x2e CMakeFiles/F407AIUI.elf.dir/Src/tim.c.obj
 .ARM.attributes
                0x0000046e       0x2e CMakeFiles/F407AIUI.elf.dir/Src/usart.c.obj
 .ARM.attributes
                0x0000049c       0x21 CMakeFiles/F407AIUI.elf.dir/startup/startup_stm32f407xx.s.obj
 .ARM.attributes
                0x000004bd       0x1e c:/progra~2/gnutoo~1/82019-~1/bin/../lib/gcc/arm-none-eabi/8.3.1/thumb/v7e-m/nofp\libgcc.a(_aeabi_uldivmod.o)
 .ARM.attributes
                0x000004db       0x2e c:/progra~2/gnutoo~1/82019-~1/bin/../lib/gcc/arm-none-eabi/8.3.1/thumb/v7e-m/nofp\libgcc.a(_udivmoddi4.o)
 .ARM.attributes
                0x00000509       0x1e c:/progra~2/gnutoo~1/82019-~1/bin/../lib/gcc/arm-none-eabi/8.3.1/thumb/v7e-m/nofp\libgcc.a(_dvmd_tls.o)
 .ARM.attributes
                0x00000527       0x2e c:/progra~2/gnutoo~1/82019-~1/bin/../lib/gcc/arm-none-eabi/8.3.1/../../../../arm-none-eabi/lib/thumb/v7e-m/nofp\libg_nano.a(lib_a-calloc.o)
 .ARM.attributes
                0x00000555       0x2e c:/progra~2/gnutoo~1/82019-~1/bin/../lib/gcc/arm-none-eabi/8.3.1/../../../../arm-none-eabi/lib/thumb/v7e-m/nofp\libg_nano.a(lib_a-errno.o)
 .ARM.attributes
                0x00000583       0x2e c:/progra~2/gnutoo~1/82019-~1/bin/../lib/gcc/arm-none-eabi/8.3.1/../../../../arm-none-eabi/lib/thumb/v7e-m/nofp\libg_nano.a(lib_a-impure.o)
 .ARM.attributes
                0x000005b1       0x2e c:/progra~2/gnutoo~1/82019-~1/bin/../lib/gcc/arm-none-eabi/8.3.1/../../../../arm-none-eabi/lib/thumb/v7e-m/nofp\libg_nano.a(lib_a-init.o)
 .ARM.attributes
                0x000005df       0x2e c:/progra~2/gnutoo~1/82019-~1/bin/../lib/gcc/arm-none-eabi/8.3.1/../../../../arm-none-eabi/lib/thumb/v7e-m/nofp\libg_nano.a(lib_a-malloc.o)
 .ARM.attributes
                0x0000060d       0x2e c:/progra~2/gnutoo~1/82019-~1/bin/../lib/gcc/arm-none-eabi/8.3.1/../../../../arm-none-eabi/lib/thumb/v7e-m/nofp\libg_nano.a(lib_a-memcpy-stub.o)
 .ARM.attributes
                0x0000063b       0x2e c:/progra~2/gnutoo~1/82019-~1/bin/../lib/gcc/arm-none-eabi/8.3.1/../../../../arm-none-eabi/lib/thumb/v7e-m/nofp\libg_nano.a(lib_a-memset.o)
 .ARM.attributes
                0x00000669       0x2e c:/progra~2/gnutoo~1/82019-~1/bin/../lib/gcc/arm-none-eabi/8.3.1/../../../../arm-none-eabi/lib/thumb/v7e-m/nofp\libg_nano.a(lib_a-mktime.o)
 .ARM.attributes
                0x00000697       0x2e c:/progra~2/gnutoo~1/82019-~1/bin/../lib/gcc/arm-none-eabi/8.3.1/../../../../arm-none-eabi/lib/thumb/v7e-m/nofp\libg_nano.a(lib_a-nano-callocr.o)
 .ARM.attributes
                0x000006c5       0x2e c:/progra~2/gnutoo~1/82019-~1/bin/../lib/gcc/arm-none-eabi/8.3.1/../../../../arm-none-eabi/lib/thumb/v7e-m/nofp\libg_nano.a(lib_a-nano-freer.o)
 .ARM.attributes
                0x000006f3       0x2e c:/progra~2/gnutoo~1/82019-~1/bin/../lib/gcc/arm-none-eabi/8.3.1/../../../../arm-none-eabi/lib/thumb/v7e-m/nofp\libg_nano.a(lib_a-nano-mallocr.o)
 .ARM.attributes
                0x00000721       0x2e c:/progra~2/gnutoo~1/82019-~1/bin/../lib/gcc/arm-none-eabi/8.3.1/../../../../arm-none-eabi/lib/thumb/v7e-m/nofp\libg_nano.a(lib_a-printf.o)
 .ARM.attributes
                0x0000074f       0x2e c:/progra~2/gnutoo~1/82019-~1/bin/../lib/gcc/arm-none-eabi/8.3.1/../../../../arm-none-eabi/lib/thumb/v7e-m/nofp\libg_nano.a(lib_a-puts.o)
 .ARM.attributes
                0x0000077d       0x2e c:/progra~2/gnutoo~1/82019-~1/bin/../lib/gcc/arm-none-eabi/8.3.1/../../../../arm-none-eabi/lib/thumb/v7e-m/nofp\libg_nano.a(lib_a-sbrkr.o)
 .ARM.attributes
                0x000007ab       0x2e c:/progra~2/gnutoo~1/82019-~1/bin/../lib/gcc/arm-none-eabi/8.3.1/../../../../arm-none-eabi/lib/thumb/v7e-m/nofp\libg_nano.a(lib_a-setvbuf.o)
 .ARM.attributes
                0x000007d9       0x2e c:/progra~2/gnutoo~1/82019-~1/bin/../lib/gcc/arm-none-eabi/8.3.1/../../../../arm-none-eabi/lib/thumb/v7e-m/nofp\libg_nano.a(lib_a-sprintf.o)
 .ARM.attributes
                0x00000807       0x2e c:/progra~2/gnutoo~1/82019-~1/bin/../lib/gcc/arm-none-eabi/8.3.1/../../../../arm-none-eabi/lib/thumb/v7e-m/nofp\libg_nano.a(lib_a-strcat.o)
 .ARM.attributes
                0x00000835       0x2e c:/progra~2/gnutoo~1/82019-~1/bin/../lib/gcc/arm-none-eabi/8.3.1/../../../../arm-none-eabi/lib/thumb/v7e-m/nofp\libg_nano.a(lib_a-strchr.o)
 .ARM.attributes
                0x00000863       0x17 c:/progra~2/gnutoo~1/82019-~1/bin/../lib/gcc/arm-none-eabi/8.3.1/../../../../arm-none-eabi/lib/thumb/v7e-m/nofp\libg_nano.a(lib_a-strlen.o)
 .ARM.attributes
                0x0000087a       0x2e c:/progra~2/gnutoo~1/82019-~1/bin/../lib/gcc/arm-none-eabi/8.3.1/../../../../arm-none-eabi/lib/thumb/v7e-m/nofp\libg_nano.a(lib_a-strrchr.o)
 .ARM.attributes
                0x000008a8       0x2e c:/progra~2/gnutoo~1/82019-~1/bin/../lib/gcc/arm-none-eabi/8.3.1/../../../../arm-none-eabi/lib/thumb/v7e-m/nofp\libg_nano.a(lib_a-tzcalc_limits.o)
 .ARM.attributes
                0x000008d6       0x2e c:/progra~2/gnutoo~1/82019-~1/bin/../lib/gcc/arm-none-eabi/8.3.1/../../../../arm-none-eabi/lib/thumb/v7e-m/nofp\libg_nano.a(lib_a-tzlock.o)
 .ARM.attributes
                0x00000904       0x2e c:/progra~2/gnutoo~1/82019-~1/bin/../lib/gcc/arm-none-eabi/8.3.1/../../../../arm-none-eabi/lib/thumb/v7e-m/nofp\libg_nano.a(lib_a-tzset.o)
 .ARM.attributes
                0x00000932       0x2e c:/progra~2/gnutoo~1/82019-~1/bin/../lib/gcc/arm-none-eabi/8.3.1/../../../../arm-none-eabi/lib/thumb/v7e-m/nofp\libg_nano.a(lib_a-tzset_r.o)
 .ARM.attributes
                0x00000960       0x2e c:/progra~2/gnutoo~1/82019-~1/bin/../lib/gcc/arm-none-eabi/8.3.1/../../../../arm-none-eabi/lib/thumb/v7e-m/nofp\libg_nano.a(lib_a-tzvars.o)
 .ARM.attributes
                0x0000098e       0x2e c:/progra~2/gnutoo~1/82019-~1/bin/../lib/gcc/arm-none-eabi/8.3.1/../../../../arm-none-eabi/lib/thumb/v7e-m/nofp\libg_nano.a(lib_a-wbuf.o)
 .ARM.attributes
                0x000009bc       0x2e c:/progra~2/gnutoo~1/82019-~1/bin/../lib/gcc/arm-none-eabi/8.3.1/../../../../arm-none-eabi/lib/thumb/v7e-m/nofp\libg_nano.a(lib_a-wsetup.o)
 .ARM.attributes
                0x000009ea       0x2e c:/progra~2/gnutoo~1/82019-~1/bin/../lib/gcc/arm-none-eabi/8.3.1/../../../../arm-none-eabi/lib/thumb/v7e-m/nofp\libg_nano.a(lib_a-div.o)
 .ARM.attributes
                0x00000a18       0x2e c:/progra~2/gnutoo~1/82019-~1/bin/../lib/gcc/arm-none-eabi/8.3.1/../../../../arm-none-eabi/lib/thumb/v7e-m/nofp\libg_nano.a(lib_a-fflush.o)
 .ARM.attributes
                0x00000a46       0x2e c:/progra~2/gnutoo~1/82019-~1/bin/../lib/gcc/arm-none-eabi/8.3.1/../../../../arm-none-eabi/lib/thumb/v7e-m/nofp\libg_nano.a(lib_a-findfp.o)
 .ARM.attributes
                0x00000a74       0x2e c:/progra~2/gnutoo~1/82019-~1/bin/../lib/gcc/arm-none-eabi/8.3.1/../../../../arm-none-eabi/lib/thumb/v7e-m/nofp\libg_nano.a(lib_a-fwalk.o)
 .ARM.attributes
                0x00000aa2       0x2e c:/progra~2/gnutoo~1/82019-~1/bin/../lib/gcc/arm-none-eabi/8.3.1/../../../../arm-none-eabi/lib/thumb/v7e-m/nofp\libg_nano.a(lib_a-getenv_r.o)
 .ARM.attributes
                0x00000ad0       0x2e c:/progra~2/gnutoo~1/82019-~1/bin/../lib/gcc/arm-none-eabi/8.3.1/../../../../arm-none-eabi/lib/thumb/v7e-m/nofp\libg_nano.a(lib_a-gettzinfo.o)
 .ARM.attributes
                0x00000afe       0x2e c:/progra~2/gnutoo~1/82019-~1/bin/../lib/gcc/arm-none-eabi/8.3.1/../../../../arm-none-eabi/lib/thumb/v7e-m/nofp\libg_nano.a(lib_a-lock.o)
 .ARM.attributes
                0x00000b2c       0x2e c:/progra~2/gnutoo~1/82019-~1/bin/../lib/gcc/arm-none-eabi/8.3.1/../../../../arm-none-eabi/lib/thumb/v7e-m/nofp\libg_nano.a(lib_a-makebuf.o)
 .ARM.attributes
                0x00000b5a       0x2e c:/progra~2/gnutoo~1/82019-~1/bin/../lib/gcc/arm-none-eabi/8.3.1/../../../../arm-none-eabi/lib/thumb/v7e-m/nofp\libg_nano.a(lib_a-mlock.o)
 .ARM.attributes
                0x00000b88       0x2e c:/progra~2/gnutoo~1/82019-~1/bin/../lib/gcc/arm-none-eabi/8.3.1/../../../../arm-none-eabi/lib/thumb/v7e-m/nofp\libg_nano.a(lib_a-month_lengths.o)
 .ARM.attributes
                0x00000bb6       0x2e c:/progra~2/gnutoo~1/82019-~1/bin/../lib/gcc/arm-none-eabi/8.3.1/../../../../arm-none-eabi/lib/thumb/v7e-m/nofp\libg_nano.a(lib_a-nano-svfprintf.o)
 .ARM.attributes
                0x00000be4       0x2e c:/progra~2/gnutoo~1/82019-~1/bin/../lib/gcc/arm-none-eabi/8.3.1/../../../../arm-none-eabi/lib/thumb/v7e-m/nofp\libg_nano.a(lib_a-nano-vfprintf.o)
 .ARM.attributes
                0x00000c12       0x2e c:/progra~2/gnutoo~1/82019-~1/bin/../lib/gcc/arm-none-eabi/8.3.1/../../../../arm-none-eabi/lib/thumb/v7e-m/nofp\libg_nano.a(lib_a-nano-vfprintf_i.o)
 .ARM.attributes
                0x00000c40       0x2e c:/progra~2/gnutoo~1/82019-~1/bin/../lib/gcc/arm-none-eabi/8.3.1/../../../../arm-none-eabi/lib/thumb/v7e-m/nofp\libg_nano.a(lib_a-reent.o)
 .ARM.attributes
                0x00000c6e       0x2e c:/progra~2/gnutoo~1/82019-~1/bin/../lib/gcc/arm-none-eabi/8.3.1/../../../../arm-none-eabi/lib/thumb/v7e-m/nofp\libg_nano.a(lib_a-sscanf.o)
 .ARM.attributes
                0x00000c9c       0x2e c:/progra~2/gnutoo~1/82019-~1/bin/../lib/gcc/arm-none-eabi/8.3.1/../../../../arm-none-eabi/lib/thumb/v7e-m/nofp\libg_nano.a(lib_a-stdio.o)
 .ARM.attributes
                0x00000cca       0x1c c:/progra~2/gnutoo~1/82019-~1/bin/../lib/gcc/arm-none-eabi/8.3.1/../../../../arm-none-eabi/lib/thumb/v7e-m/nofp\libg_nano.a(lib_a-strcmp.o)
 .ARM.attributes
                0x00000ce6       0x2e c:/progra~2/gnutoo~1/82019-~1/bin/../lib/gcc/arm-none-eabi/8.3.1/../../../../arm-none-eabi/lib/thumb/v7e-m/nofp\libg_nano.a(lib_a-strcpy.o)
 .ARM.attributes
                0x00000d14       0x2e c:/progra~2/gnutoo~1/82019-~1/bin/../lib/gcc/arm-none-eabi/8.3.1/../../../../arm-none-eabi/lib/thumb/v7e-m/nofp\libg_nano.a(lib_a-strncmp.o)
 .ARM.attributes
                0x00000d42       0x2e c:/progra~2/gnutoo~1/82019-~1/bin/../lib/gcc/arm-none-eabi/8.3.1/../../../../arm-none-eabi/lib/thumb/v7e-m/nofp\libg_nano.a(lib_a-strtoul.o)
 .ARM.attributes
                0x00000d70       0x2e c:/progra~2/gnutoo~1/82019-~1/bin/../lib/gcc/arm-none-eabi/8.3.1/../../../../arm-none-eabi/lib/thumb/v7e-m/nofp\libg_nano.a(lib_a-writer.o)
 .ARM.attributes
                0x00000d9e       0x2e c:/progra~2/gnutoo~1/82019-~1/bin/../lib/gcc/arm-none-eabi/8.3.1/../../../../arm-none-eabi/lib/thumb/v7e-m/nofp\libg_nano.a(lib_a-closer.o)
 .ARM.attributes
                0x00000dcc       0x2e c:/progra~2/gnutoo~1/82019-~1/bin/../lib/gcc/arm-none-eabi/8.3.1/../../../../arm-none-eabi/lib/thumb/v7e-m/nofp\libg_nano.a(lib_a-ctype_.o)
 .ARM.attributes
                0x00000dfa       0x2e c:/progra~2/gnutoo~1/82019-~1/bin/../lib/gcc/arm-none-eabi/8.3.1/../../../../arm-none-eabi/lib/thumb/v7e-m/nofp\libg_nano.a(lib_a-envlock.o)
 .ARM.attributes
                0x00000e28       0x2e c:/progra~2/gnutoo~1/82019-~1/bin/../lib/gcc/arm-none-eabi/8.3.1/../../../../arm-none-eabi/lib/thumb/v7e-m/nofp\libg_nano.a(lib_a-fstatr.o)
 .ARM.attributes
                0x00000e56       0x2e c:/progra~2/gnutoo~1/82019-~1/bin/../lib/gcc/arm-none-eabi/8.3.1/../../../../arm-none-eabi/lib/thumb/v7e-m/nofp\libg_nano.a(lib_a-isattyr.o)
 .ARM.attributes
                0x00000e84       0x2e c:/progra~2/gnutoo~1/82019-~1/bin/../lib/gcc/arm-none-eabi/8.3.1/../../../../arm-none-eabi/lib/thumb/v7e-m/nofp\libg_nano.a(lib_a-lseekr.o)
 .ARM.attributes
                0x00000eb2       0x1c c:/progra~2/gnutoo~1/82019-~1/bin/../lib/gcc/arm-none-eabi/8.3.1/../../../../arm-none-eabi/lib/thumb/v7e-m/nofp\libg_nano.a(lib_a-memchr.o)
 .ARM.attributes
                0x00000ece       0x2e c:/progra~2/gnutoo~1/82019-~1/bin/../lib/gcc/arm-none-eabi/8.3.1/../../../../arm-none-eabi/lib/thumb/v7e-m/nofp\libg_nano.a(lib_a-memmove.o)
 .ARM.attributes
                0x00000efc       0x2e c:/progra~2/gnutoo~1/82019-~1/bin/../lib/gcc/arm-none-eabi/8.3.1/../../../../arm-none-eabi/lib/thumb/v7e-m/nofp\libg_nano.a(lib_a-nano-reallocr.o)
 .ARM.attributes
                0x00000f2a       0x2e c:/progra~2/gnutoo~1/82019-~1/bin/../lib/gcc/arm-none-eabi/8.3.1/../../../../arm-none-eabi/lib/thumb/v7e-m/nofp\libg_nano.a(lib_a-nano-svfscanf.o)
 .ARM.attributes
                0x00000f58       0x2e c:/progra~2/gnutoo~1/82019-~1/bin/../lib/gcc/arm-none-eabi/8.3.1/../../../../arm-none-eabi/lib/thumb/v7e-m/nofp\libg_nano.a(lib_a-nano-vfscanf_i.o)
 .ARM.attributes
                0x00000f86       0x2e c:/progra~2/gnutoo~1/82019-~1/bin/../lib/gcc/arm-none-eabi/8.3.1/../../../../arm-none-eabi/lib/thumb/v7e-m/nofp\libg_nano.a(lib_a-readr.o)
 .ARM.attributes
                0x00000fb4       0x2e c:/progra~2/gnutoo~1/82019-~1/bin/../lib/gcc/arm-none-eabi/8.3.1/../../../../arm-none-eabi/lib/thumb/v7e-m/nofp\libg_nano.a(lib_a-sccl.o)
 .ARM.attributes
                0x00000fe2       0x2e c:/progra~2/gnutoo~1/82019-~1/bin/../lib/gcc/arm-none-eabi/8.3.1/../../../../arm-none-eabi/lib/thumb/v7e-m/nofp\libg_nano.a(lib_a-strtol.o)
 .ARM.attributes
                0x00001010       0x2e c:/progra~2/gnutoo~1/82019-~1/bin/../lib/gcc/arm-none-eabi/8.3.1/../../../../arm-none-eabi/lib/thumb/v7e-m/nofp\libg_nano.a(lib_a-ungetc.o)
 .ARM.attributes
                0x0000103e       0x2e c:/progra~2/gnutoo~1/82019-~1/bin/../lib/gcc/arm-none-eabi/8.3.1/../../../../arm-none-eabi/lib/thumb/v7e-m/nofp\libg_nano.a(lib_a-nano-msizer.o)
 .ARM.attributes
                0x0000106c       0x1e c:/progra~2/gnutoo~1/82019-~1/bin/../lib/gcc/arm-none-eabi/8.3.1/thumb/v7e-m/nofp/crtn.o
OUTPUT(F407AIUI.elf elf32-littlearm)

.debug_info     0x00000000    0x14623
 .debug_info    0x00000000      0x97f CMakeFiles/F407AIUI.elf.dir/Drivers/STM32F4xx_HAL_Driver/Src/stm32f4xx_hal.c.obj
 .debug_info    0x0000097f      0xe75 CMakeFiles/F407AIUI.elf.dir/Drivers/STM32F4xx_HAL_Driver/Src/stm32f4xx_hal_cortex.c.obj
 .debug_info    0x000017f4      0x98f CMakeFiles/F407AIUI.elf.dir/Drivers/STM32F4xx_HAL_Driver/Src/stm32f4xx_hal_dma.c.obj
 .debug_info    0x00002183      0x7cc CMakeFiles/F407AIUI.elf.dir/Drivers/STM32F4xx_HAL_Driver/Src/stm32f4xx_hal_gpio.c.obj
 .debug_info    0x0000294f      0x925 CMakeFiles/F407AIUI.elf.dir/Drivers/STM32F4xx_HAL_Driver/Src/stm32f4xx_hal_rcc.c.obj
 .debug_info    0x00003274      0x5a1 CMakeFiles/F407AIUI.elf.dir/Drivers/STM32F4xx_HAL_Driver/Src/stm32f4xx_hal_rcc_ex.c.obj
 .debug_info    0x00003815      0xc13 CMakeFiles/F407AIUI.elf.dir/Drivers/STM32F4xx_HAL_Driver/Src/stm32f4xx_hal_rtc.c.obj
 .debug_info    0x00004428      0xf79 CMakeFiles/F407AIUI.elf.dir/Drivers/STM32F4xx_HAL_Driver/Src/stm32f4xx_hal_rtc_ex.c.obj
 .debug_info    0x000053a1     0x266a CMakeFiles/F407AIUI.elf.dir/Drivers/STM32F4xx_HAL_Driver/Src/stm32f4xx_hal_tim.c.obj
 .debug_info    0x00007a0b     0x11fd CMakeFiles/F407AIUI.elf.dir/Drivers/STM32F4xx_HAL_Driver/Src/stm32f4xx_hal_tim_ex.c.obj
 .debug_info    0x00008c08     0x12cd CMakeFiles/F407AIUI.elf.dir/Drivers/STM32F4xx_HAL_Driver/Src/stm32f4xx_hal_uart.c.obj
 .debug_info    0x00009ed5     0x18e7 CMakeFiles/F407AIUI.elf.dir/Src/aiui.c.obj
 .debug_info    0x0000b7bc      0xb48 CMakeFiles/F407AIUI.elf.dir/Src/base64.c.obj
 .debug_info    0x0000c304      0x4b8 CMakeFiles/F407AIUI.elf.dir/Src/gpio.c.obj
 .debug_info    0x0000c7bc     0x1e20 CMakeFiles/F407AIUI.elf.dir/Src/main.c.obj
 .debug_info    0x0000e5dc      0xbe1 CMakeFiles/F407AIUI.elf.dir/Src/md5.c.obj
 .debug_info    0x0000f1bd      0x648 CMakeFiles/F407AIUI.elf.dir/Src/rtc.c.obj
 .debug_info    0x0000f805      0x357 CMakeFiles/F407AIUI.elf.dir/Src/stm32f4xx_hal_msp.c.obj
 .debug_info    0x0000fb5c      0xb63 CMakeFiles/F407AIUI.elf.dir/Src/stm32f4xx_hal_timebase_tim.c.obj
 .debug_info    0x000106bf      0x9a9 CMakeFiles/F407AIUI.elf.dir/Src/stm32f4xx_it.c.obj
 .debug_info    0x00011068     0x100f CMakeFiles/F407AIUI.elf.dir/Src/syscalls.c.obj
 .debug_info    0x00012077      0x542 CMakeFiles/F407AIUI.elf.dir/Src/system_stm32f4xx.c.obj
 .debug_info    0x000125b9      0xb4b CMakeFiles/F407AIUI.elf.dir/Src/tim.c.obj
 .debug_info    0x00013104     0x14fd CMakeFiles/F407AIUI.elf.dir/Src/usart.c.obj
 .debug_info    0x00014601       0x22 CMakeFiles/F407AIUI.elf.dir/startup/startup_stm32f407xx.s.obj

.debug_abbrev   0x00000000     0x31d3
 .debug_abbrev  0x00000000      0x1ee CMakeFiles/F407AIUI.elf.dir/Drivers/STM32F4xx_HAL_Driver/Src/stm32f4xx_hal.c.obj
 .debug_abbrev  0x000001ee      0x339 CMakeFiles/F407AIUI.elf.dir/Drivers/STM32F4xx_HAL_Driver/Src/stm32f4xx_hal_cortex.c.obj
 .debug_abbrev  0x00000527      0x256 CMakeFiles/F407AIUI.elf.dir/Drivers/STM32F4xx_HAL_Driver/Src/stm32f4xx_hal_dma.c.obj
 .debug_abbrev  0x0000077d      0x1ee CMakeFiles/F407AIUI.elf.dir/Drivers/STM32F4xx_HAL_Driver/Src/stm32f4xx_hal_gpio.c.obj
 .debug_abbrev  0x0000096b      0x272 CMakeFiles/F407AIUI.elf.dir/Drivers/STM32F4xx_HAL_Driver/Src/stm32f4xx_hal_rcc.c.obj
 .debug_abbrev  0x00000bdd      0x18c CMakeFiles/F407AIUI.elf.dir/Drivers/STM32F4xx_HAL_Driver/Src/stm32f4xx_hal_rcc_ex.c.obj
 .debug_abbrev  0x00000d69      0x1e1 CMakeFiles/F407AIUI.elf.dir/Drivers/STM32F4xx_HAL_Driver/Src/stm32f4xx_hal_rtc.c.obj
 .debug_abbrev  0x00000f4a      0x210 CMakeFiles/F407AIUI.elf.dir/Drivers/STM32F4xx_HAL_Driver/Src/stm32f4xx_hal_rtc_ex.c.obj
 .debug_abbrev  0x0000115a      0x25b CMakeFiles/F407AIUI.elf.dir/Drivers/STM32F4xx_HAL_Driver/Src/stm32f4xx_hal_tim.c.obj
 .debug_abbrev  0x000013b5      0x249 CMakeFiles/F407AIUI.elf.dir/Drivers/STM32F4xx_HAL_Driver/Src/stm32f4xx_hal_tim_ex.c.obj
 .debug_abbrev  0x000015fe      0x26d CMakeFiles/F407AIUI.elf.dir/Drivers/STM32F4xx_HAL_Driver/Src/stm32f4xx_hal_uart.c.obj
 .debug_abbrev  0x0000186b      0x2e2 CMakeFiles/F407AIUI.elf.dir/Src/aiui.c.obj
 .debug_abbrev  0x00001b4d      0x21a CMakeFiles/F407AIUI.elf.dir/Src/base64.c.obj
 .debug_abbrev  0x00001d67      0x167 CMakeFiles/F407AIUI.elf.dir/Src/gpio.c.obj
 .debug_abbrev  0x00001ece      0x2df CMakeFiles/F407AIUI.elf.dir/Src/main.c.obj
 .debug_abbrev  0x000021ad      0x20d CMakeFiles/F407AIUI.elf.dir/Src/md5.c.obj
 .debug_abbrev  0x000023ba      0x187 CMakeFiles/F407AIUI.elf.dir/Src/rtc.c.obj
 .debug_abbrev  0x00002541      0x11a CMakeFiles/F407AIUI.elf.dir/Src/stm32f4xx_hal_msp.c.obj
 .debug_abbrev  0x0000265b      0x1bc CMakeFiles/F407AIUI.elf.dir/Src/stm32f4xx_hal_timebase_tim.c.obj
 .debug_abbrev  0x00002817      0x18f CMakeFiles/F407AIUI.elf.dir/Src/stm32f4xx_it.c.obj
 .debug_abbrev  0x000029a6      0x2a9 CMakeFiles/F407AIUI.elf.dir/Src/syscalls.c.obj
 .debug_abbrev  0x00002c4f      0x126 CMakeFiles/F407AIUI.elf.dir/Src/system_stm32f4xx.c.obj
 .debug_abbrev  0x00002d75      0x1d4 CMakeFiles/F407AIUI.elf.dir/Src/tim.c.obj
 .debug_abbrev  0x00002f49      0x278 CMakeFiles/F407AIUI.elf.dir/Src/usart.c.obj
 .debug_abbrev  0x000031c1       0x12 CMakeFiles/F407AIUI.elf.dir/startup/startup_stm32f407xx.s.obj

.debug_aranges  0x00000000     0x1030
 .debug_aranges
                0x00000000       0xf0 CMakeFiles/F407AIUI.elf.dir/Drivers/STM32F4xx_HAL_Driver/Src/stm32f4xx_hal.c.obj
 .debug_aranges
                0x000000f0      0x118 CMakeFiles/F407AIUI.elf.dir/Drivers/STM32F4xx_HAL_Driver/Src/stm32f4xx_hal_cortex.c.obj
 .debug_aranges
                0x00000208       0x90 CMakeFiles/F407AIUI.elf.dir/Drivers/STM32F4xx_HAL_Driver/Src/stm32f4xx_hal_dma.c.obj
 .debug_aranges
                0x00000298       0x58 CMakeFiles/F407AIUI.elf.dir/Drivers/STM32F4xx_HAL_Driver/Src/stm32f4xx_hal_gpio.c.obj
 .debug_aranges
                0x000002f0       0x88 CMakeFiles/F407AIUI.elf.dir/Drivers/STM32F4xx_HAL_Driver/Src/stm32f4xx_hal_rcc.c.obj
 .debug_aranges
                0x00000378       0x48 CMakeFiles/F407AIUI.elf.dir/Drivers/STM32F4xx_HAL_Driver/Src/stm32f4xx_hal_rcc_ex.c.obj
 .debug_aranges
                0x000003c0       0xb8 CMakeFiles/F407AIUI.elf.dir/Drivers/STM32F4xx_HAL_Driver/Src/stm32f4xx_hal_rtc.c.obj
 .debug_aranges
                0x00000478      0x130 CMakeFiles/F407AIUI.elf.dir/Drivers/STM32F4xx_HAL_Driver/Src/stm32f4xx_hal_rtc_ex.c.obj
 .debug_aranges
                0x000005a8      0x3a8 CMakeFiles/F407AIUI.elf.dir/Drivers/STM32F4xx_HAL_Driver/Src/stm32f4xx_hal_tim.c.obj
 .debug_aranges
                0x00000950      0x150 CMakeFiles/F407AIUI.elf.dir/Drivers/STM32F4xx_HAL_Driver/Src/stm32f4xx_hal_tim_ex.c.obj
 .debug_aranges
                0x00000aa0      0x1d0 CMakeFiles/F407AIUI.elf.dir/Drivers/STM32F4xx_HAL_Driver/Src/stm32f4xx_hal_uart.c.obj
 .debug_aranges